ewextrte.c:95:7:EwAlloc	24	static
ewextrte.c:119:6:EwFree	16	static
ewextrte.c:143:5:EwIsMemory	16	static
ewextrte.c:171:6:EwPanic	8	static
ewextrte.c:198:6:EwConsoleOutput	16	static
ewextrte.c:229:6:EwSaveRegister	16	static
ewextrte.c:253:15:EwGetTicks	8	static
ewextrte.c:277:15:EwGetTime	8	static
ewextrte.c:339:6:EwZero	16	static
ewextrte.c:364:6:EwFill	24	static
ewextrte.c:389:6:EwMove	24	static
ewextrte.c:414:6:EwCopy	24	static
ewextrte.c:439:6:EwStrCpy	16	static
ewextrte.c:464:6:EwStrCat	16	static
ewextrte.c:491:5:EwStrCmp	16	static
ewextrte.c:514:5:EwStrLen	16	static
ewextrte.c:534:8:EwMathSin	16	static
ewextrte.c:556:8:EwMathCos	16	static
ewextrte.c:579:8:EwMathArcSin	16	static
ewextrte.c:602:8:EwMathArcCos	16	static
ewextrte.c:625:8:EwMathSqrt	16	static
ewextrte.c:647:8:EwMathPow	16	static
ewextrte.c:670:8:EwMathRandInt32	24	static
ewextrte.c:704:8:EwMathRandFloat	24	static
ewextrte.c:735:8:EwMathRound	16	static
ewextrte.c:755:8:EwMathFloor	16	static
ewextrte.c:776:8:EwMathCeil	16	static
