Archive member included to satisfy reference by file (symbol)

C:/STM32/STM32F429-Discovery/Application/Project/TrueSTUDIO/STM32F429-Discovery/../../../../PlatformPackage/RGB565\libewgfx-m4-gcc.a(ewextpxl_RGB565.o)
                              PlatformPackage\RGB565\ewextgfx.o (EwFillRowSolid)
C:/STM32/STM32F429-Discovery/Application/Project/TrueSTUDIO/STM32F429-Discovery/../../../../PlatformPackage/RGB565\libewgfx-m4-gcc.a(ewgfx.o)
                              Application\GeneratedCode\Graphics.o (EwFreeBitmap)
C:/STM32/STM32F429-Discovery/Application/Project/TrueSTUDIO/STM32F429-Discovery/../../../../PlatformPackage/RGB565\libewgfx-m4-gcc.a(ewgfxattrtext.o)
                              C:/STM32/STM32F429-Discovery/Application/Project/TrueSTUDIO/STM32F429-Discovery/../../../../PlatformPackage/RGB565\libewgfx-m4-gcc.a(ewgfx.o) (EwInitAttrText)
C:/STM32/STM32F429-Discovery/Application/Project/TrueSTUDIO/STM32F429-Discovery/../../../../PlatformPackage/RGB565\libewgfx-m4-gcc.a(ewgfxbidi.o)
                              C:/STM32/STM32F429-Discovery/Application/Project/TrueSTUDIO/STM32F429-Discovery/../../../../PlatformPackage/RGB565\libewgfx-m4-gcc.a(ewgfx.o) (EwInitBidi)
C:/STM32/STM32F429-Discovery/Application/Project/TrueSTUDIO/STM32F429-Discovery/../../../../PlatformPackage/RGB565\libewgfx-m4-gcc.a(ewgfxcore.o)
                              C:/STM32/STM32F429-Discovery/Application/Project/TrueSTUDIO/STM32F429-Discovery/../../../../PlatformPackage/RGB565\libewgfx-m4-gcc.a(ewgfx.o) (EwDoneGfxCore)
C:/STM32/STM32F429-Discovery/Application/Project/TrueSTUDIO/STM32F429-Discovery/../../../../PlatformPackage/RGB565\libewgfx-m4-gcc.a(ewgfxdriver.o)
                              C:/STM32/STM32F429-Discovery/Application/Project/TrueSTUDIO/STM32F429-Discovery/../../../../PlatformPackage/RGB565\libewgfx-m4-gcc.a(ewgfxcore.o) (EwGetIndex8SurfaceMemSize)
C:/STM32/STM32F429-Discovery/Application/Project/TrueSTUDIO/STM32F429-Discovery/../../../../PlatformPackage/RGB565\libewgfx-m4-gcc.a(ewgfxtasks.o)
                              C:/STM32/STM32F429-Discovery/Application/Project/TrueSTUDIO/STM32F429-Discovery/../../../../PlatformPackage/RGB565\libewgfx-m4-gcc.a(ewgfx.o) (EwGfxTasksInit)
C:/STM32/STM32F429-Discovery/Application/Project/TrueSTUDIO/STM32F429-Discovery/../../../../PlatformPackage/RGB565\libewgfx-m4-gcc.a(ewextbmp_RGB565.o)
                              C:/STM32/STM32F429-Discovery/Application/Project/TrueSTUDIO/STM32F429-Discovery/../../../../PlatformPackage/RGB565\libewgfx-m4-gcc.a(ewgfx.o) (EwBmpInit)
C:/STM32/STM32F429-Discovery/Application/Project/TrueSTUDIO/STM32F429-Discovery/../../../../PlatformPackage/RGB565\libewgfx-m4-gcc.a(ewextfnt.o)
                              C:/STM32/STM32F429-Discovery/Application/Project/TrueSTUDIO/STM32F429-Discovery/../../../../PlatformPackage/RGB565\libewgfx-m4-gcc.a(ewgfx.o) (EwFntInit)
C:/STM32/STM32F429-Discovery/Application/Project/TrueSTUDIO/STM32F429-Discovery/../../../../PlatformPackage/RTE\libewrte-m4-gcc.a(ewcolor.o)
                              Application\GeneratedCode\Core.o (EwNewColor)
C:/STM32/STM32F429-Discovery/Application/Project/TrueSTUDIO/STM32F429-Discovery/../../../../PlatformPackage/RTE\libewrte-m4-gcc.a(ewdebug.o)
                              Application\GeneratedCode\Core.o (EwPrint)
C:/STM32/STM32F429-Discovery/Application/Project/TrueSTUDIO/STM32F429-Discovery/../../../../PlatformPackage/RTE\libewrte-m4-gcc.a(ewheap.o)
                              Application\Source\ewmain.o (EwInitHeap)
C:/STM32/STM32F429-Discovery/Application/Project/TrueSTUDIO/STM32F429-Discovery/../../../../PlatformPackage/RTE\libewrte-m4-gcc.a(ewobject.o)
                              Application\GeneratedCode\Core.o (XObject__Init)
C:/STM32/STM32F429-Discovery/Application/Project/TrueSTUDIO/STM32F429-Discovery/../../../../PlatformPackage/RTE\libewrte-m4-gcc.a(ewpoint.o)
                              Application\GeneratedCode\Core.o (EwNewPoint)
C:/STM32/STM32F429-Discovery/Application/Project/TrueSTUDIO/STM32F429-Discovery/../../../../PlatformPackage/RTE\libewrte-m4-gcc.a(ewrect.o)
                              Application\GeneratedCode\Core.o (EwNewRect)
C:/STM32/STM32F429-Discovery/Application/Project/TrueSTUDIO/STM32F429-Discovery/../../../../PlatformPackage/RTE\libewrte-m4-gcc.a(ewresource.o)
                              Application\GeneratedCode\Core.o (EwRegisterResource)
C:/STM32/STM32F429-Discovery/Application/Project/TrueSTUDIO/STM32F429-Discovery/../../../../PlatformPackage/RTE\libewrte-m4-gcc.a(ewscalars.o)
                              Application\GeneratedCode\Core.o (EwSetContains)
C:/STM32/STM32F429-Discovery/Application/Project/TrueSTUDIO/STM32F429-Discovery/../../../../PlatformPackage/RTE\libewrte-m4-gcc.a(ewslot.o)
                              C:/STM32/STM32F429-Discovery/Application/Project/TrueSTUDIO/STM32F429-Discovery/../../../../PlatformPackage/RTE\libewrte-m4-gcc.a(ewobject.o) (EwMarkSignals)
[...]
Memory Configuration

Name             Origin             Length             Attributes
FLASH            0x08000000         0x00200000         xr
RAM              0x20000000         0x00030000         xrw
CCMRAM           0x10000000         0x00010000         rw
*default*        0x00000000         0xffffffff

Linker script and memory map

LOAD c:/program files (x86)/atollic/truestudio for stm32 9.3.0/armtools/bin/../lib/gcc/arm-atollic-eabi/6.3.1/armv7e-m/fpu/crti.o
LOAD c:/program files (x86)/atollic/truestudio for stm32 9.3.0/armtools/bin/../lib/gcc/arm-atollic-eabi/6.3.1/armv7e-m/fpu/crtbegin.o
LOAD Application\GeneratedCode\Application.o
LOAD Application\GeneratedCode\Core.o
LOAD Application\GeneratedCode\Effects.o
LOAD Application\GeneratedCode\Graphics.o
LOAD Application\GeneratedCode\Resources.o
LOAD Application\GeneratedCode\Views.o
LOAD Application\Source\DeviceDriver.o
LOAD Application\Source\ewmain.o
LOAD Application\Source\main.o
LOAD PlatformPackage\RGB565\ewextgfx.o
LOAD PlatformPackage\RTE\ewextrte.o
LOAD TargetSpecific\ew_bsp_clock.o
LOAD TargetSpecific\ew_bsp_console.o
LOAD TargetSpecific\ew_bsp_display.o
LOAD TargetSpecific\ew_bsp_event.o
LOAD TargetSpecific\ew_bsp_graphics.o
LOAD TargetSpecific\ew_bsp_inout.o
LOAD TargetSpecific\ew_bsp_system.o
LOAD TargetSpecific\ew_bsp_touch.o
LOAD TargetSpecific\stm32f4xx_it.o
LOAD TargetSpecific\system_stm32f4xx.o
LOAD ThirdParty\STM32Cube_FW_F4\Drivers\BSP\Components\ili9341\ili9341.o
LOAD ThirdParty\STM32Cube_FW_F4\Drivers\BSP\Components\stmpe811\stmpe811.o
LOAD ThirdParty\STM32Cube_FW_F4\Drivers\BSP\STM32F429I-Discovery\stm32f429i_discovery.o
LOAD ThirdParty\STM32Cube_FW_F4\Drivers\BSP\STM32F429I-Discovery\stm32f429i_discovery_io.o
LOAD ThirdParty\STM32Cube_FW_F4\Drivers\BSP\STM32F429I-Discovery\stm32f429i_discovery_sdram.o
LOAD ThirdParty\STM32Cube_FW_F4\Drivers\BSP\STM32F429I-Discovery\stm32f429i_discovery_ts.o
LOAD ThirdParty\STM32Cube_FW_F4\Drivers\STM32F4xx_HAL_Driver\stm32f4xx_hal.o
LOAD ThirdParty\STM32Cube_FW_F4\Drivers\STM32F4xx_HAL_Driver\stm32f4xx_hal_cortex.o
LOAD ThirdParty\STM32Cube_FW_F4\Drivers\STM32F4xx_HAL_Driver\stm32f4xx_hal_dma.o
LOAD ThirdParty\STM32Cube_FW_F4\Drivers\STM32F4xx_HAL_Driver\stm32f4xx_hal_dma2d.o
LOAD ThirdParty\STM32Cube_FW_F4\Drivers\STM32F4xx_HAL_Driver\stm32f4xx_hal_gpio.o
LOAD ThirdParty\STM32Cube_FW_F4\Drivers\STM32F4xx_HAL_Driver\stm32f4xx_hal_i2c.o
LOAD ThirdParty\STM32Cube_FW_F4\Drivers\STM32F4xx_HAL_Driver\stm32f4xx_hal_ltdc.o
LOAD ThirdParty\STM32Cube_FW_F4\Drivers\STM32F4xx_HAL_Driver\stm32f4xx_hal_pwr_ex.o
LOAD ThirdParty\STM32Cube_FW_F4\Drivers\STM32F4xx_HAL_Driver\stm32f4xx_hal_rcc.o
LOAD ThirdParty\STM32Cube_FW_F4\Drivers\STM32F4xx_HAL_Driver\stm32f4xx_hal_rcc_ex.o
LOAD ThirdParty\STM32Cube_FW_F4\Drivers\STM32F4xx_HAL_Driver\stm32f4xx_hal_rtc.o
LOAD ThirdParty\STM32Cube_FW_F4\Drivers\STM32F4xx_HAL_Driver\stm32f4xx_hal_rtc_ex.o
LOAD ThirdParty\STM32Cube_FW_F4\Drivers\STM32F4xx_HAL_Driver\stm32f4xx_hal_sdram.o
LOAD ThirdParty\STM32Cube_FW_F4\Drivers\STM32F4xx_HAL_Driver\stm32f4xx_hal_spi.o
LOAD ThirdParty\STM32Cube_FW_F4\Drivers\STM32F4xx_HAL_Driver\stm32f4xx_hal_uart.o
LOAD ThirdParty\STM32Cube_FW_F4\Drivers\STM32F4xx_HAL_Driver\stm32f4xx_ll_fmc.o
LOAD ThirdParty\STM32Cube_FW_F4\MiddleWares\Third_Party\FreeRTOS\Source\CMSIS_RTOS\cmsis_os.o
LOAD ThirdParty\STM32Cube_FW_F4\MiddleWares\Third_Party\FreeRTOS\Source\list.o
LOAD ThirdParty\STM32Cube_FW_F4\MiddleWares\Third_Party\FreeRTOS\Source\portable\GCC\ARM_CM4F\port.o
LOAD ThirdParty\STM32Cube_FW_F4\MiddleWares\Third_Party\FreeRTOS\Source\portable\MemMang\heap_4.o
LOAD ThirdParty\STM32Cube_FW_F4\MiddleWares\Third_Party\FreeRTOS\Source\queue.o
LOAD ThirdParty\STM32Cube_FW_F4\MiddleWares\Third_Party\FreeRTOS\Source\tasks.o
LOAD ThirdParty\STM32Cube_FW_F4\MiddleWares\Third_Party\FreeRTOS\Source\timers.o
LOAD startup_stm32f429xx.o
LOAD C:/STM32/STM32F429-Discovery/Application/Project/TrueSTUDIO/STM32F429-Discovery/../../../../PlatformPackage/RGB565\libewgfx-m4-gcc.a
LOAD C:/STM32/STM32F429-Discovery/Application/Project/TrueSTUDIO/STM32F429-Discovery/../../../../PlatformPackage/RTE\libewrte-m4-gcc.a
                0x00000080                malloc_getpagesize_P = 0x80
START GROUP
LOAD c:/program files (x86)/atollic/truestudio for stm32 9.3.0/armtools/bin/../lib/gcc/arm-atollic-eabi/6.3.1/../../../../arm-atollic-eabi/lib/armv7e-m/fpu\libc.a
LOAD c:/program files (x86)/atollic/truestudio for stm32 9.3.0/armtools/bin/../lib/gcc/arm-atollic-eabi/6.3.1/../../../../arm-atollic-eabi/lib/armv7e-m/fpu\libm.a
END GROUP
START GROUP
LOAD c:/program files (x86)/atollic/truestudio for stm32 9.3.0/armtools/bin/../lib/gcc/arm-atollic-eabi/6.3.1/armv7e-m/fpu\libgcc.a
LOAD c:/program files (x86)/atollic/truestudio for stm32 9.3.0/armtools/bin/../lib/gcc/arm-atollic-eabi/6.3.1/../../../../arm-atollic-eabi/lib/armv7e-m/fpu\libc.a
END GROUP
START GROUP
LOAD c:/program files (x86)/atollic/truestudio for stm32 9.3.0/armtools/bin/../lib/gcc/arm-atollic-eabi/6.3.1/armv7e-m/fpu\libgcc.a
LOAD c:/program files (x86)/atollic/truestudio for stm32 9.3.0/armtools/bin/../lib/gcc/arm-atollic-eabi/6.3.1/../../../../arm-atollic-eabi/lib/armv7e-m/fpu\libc.a
LOAD c:/program files (x86)/atollic/truestudio for stm32 9.3.0/armtools/bin/../lib/gcc/arm-atollic-eabi/6.3.1/../../../../arm-atollic-eabi/lib/armv7e-m/fpu\libnosys.a
END GROUP
LOAD c:/program files (x86)/atollic/truestudio for stm32 9.3.0/armtools/bin/../lib/gcc/arm-atollic-eabi/6.3.1/armv7e-m/fpu/crtend.o
LOAD c:/program files (x86)/atollic/truestudio for stm32 9.3.0/armtools/bin/../lib/gcc/arm-atollic-eabi/6.3.1/armv7e-m/fpu/crtn.o
                0x2002fff0                _estack = 0x2002fff0
                0x00000200                _Min_Heap_Size = 0x200
                0x00002000                _Min_Stack_Size = 0x2000

.isr_vector     0x08000000      0x1ac
                0x08000000                . = ALIGN (0x4)
 *(.isr_vector)
 .isr_vector    0x08000000      0x1ac startup_stm32f429xx.o
                0x08000000                g_pfnVectors
                0x080001ac                . = ALIGN (0x4)

.text           0x080001b0    0x3a978
                0x080001b0                . = ALIGN (0x4)
 *(.text)
 .text          0x080001b0       0x40 c:/program files (x86)/atollic/truestudio for stm32 9.3.0/armtools/bin/../lib/gcc/arm-atollic-eabi/6.3.1/armv7e-m/fpu/crtbegin.o
 .text          0x080001f0     0x6d00 C:/STM32/STM32F429-Discovery/Application/Project/TrueSTUDIO/STM32F429-Discovery/../../../../PlatformPackage/RGB565\libewgfx-m4-gcc.a(ewextpxl_RGB565.o)
                0x080001f0                EwCreateNativeSurface
                0x0800025c                EwCreateConstNativeSurface
                0x080002e0                EwDestroyNativeSurface
                0x08000320                EwGetNativeSurfaceMemory
                0x08000358                EwGetNativeSurfaceMemSize
                0x08000364                EwCreateScreenSurface
                0x080003d0                EwDestroyScreenSurface
                0x080003f4                EwGetScreenSurfaceMemory
                0x08000420                EwGetScreenSurfaceMemSize
                0x08000428                EwCreateConstRGB565Surface
                0x080004a8                EwCreateRGB565Surface
                0x08000514                EwDestroyRGB565Surface
                0x08000550                EwGetRGB565SurfaceMemory
                0x08000588                EwGetRGB565SurfaceMemSize
                0x08000594                EwPackColor
                0x080005a4                EwPackClutEntry
                0x080005b4                EwSetPixelSolid
                0x080005ec                EwSetPixelSolidBlend
                0x080006a0                EwFillRowSolid
                0x080006e0                EwFillRowSolidBlend
                0x080007b8                EwFillRowGradient
                0x08000818                EwFillRowGradientBlend
                0x08000910                EwCopyNativeRow
                0x08000930                EwCopyNativeRowBlend
                0x080009dc                EwCopyNativeRowSolid
                0x08000a10                EwCopyNativeRowSolidBlend
                0x08000ac8                EwCopyNativeRowGradient
                0x08000b00                EwCopyNativeRowGradientBlend
                0x08000bbc                EwCopyIndex8Row
                0x08000be0                EwCopyIndex8RowBlend
                0x08000c94                EwCopyIndex8RowSolid
                0x08000ccc                EwCopyIndex8RowSolidBlend
                0x08000d8c                EwCopyIndex8RowGradient
                0x08000dc8                EwCopyIndex8RowGradientBlend
                0x08000e8c                EwCopyAlpha8RowSolid
                0x08000ef4                EwCopyAlpha8RowSolidBlend
                0x08000ff0                EwCopyAlpha8RowGradient
                0x08001084                EwCopyAlpha8RowGradientBlend
                0x080011d8                EwCopyRGB565Row
                0x08001220                EwCopyRGB565RowSolid
                0x0800127c                EwCopyRGB565RowSolidBlend
                0x08001358                EwCopyRGB565RowGradient
                0x080013b0                EwCopyRGB565RowGradientBlend
                0x08001490                EwWarpNativeRow
                0x080014e0                EwWarpNativeRowFilter
                0x080015dc                EwWarpNativeRowBlend
                0x080016b8                EwWarpNativeRowFilterBlend
                0x08001840                EwWarpNativeRowGradient
                0x0800192c                EwWarpNativeRowFilterGradient
                0x08001ae0                EwWarpNativeRowGradientBlend
                0x08001c4c                EwWarpNativeRowFilterGradientBlend
                0x08001e7c                EwWarpIndex8Row
                0x08001ed0                EwWarpIndex8RowFilter
                0x08001fdc                EwWarpIndex8RowBlend
                0x080020bc                EwWarpIndex8RowFilterBlend
                0x0800224c                EwWarpIndex8RowGradient
                0x08002340                EwWarpIndex8RowFilterGradient
                0x080024fc                EwWarpIndex8RowGradientBlend
                0x08002674                EwWarpIndex8RowFilterGradientBlend
                0x080028ac                EwWarpAlpha8RowGradient
                0x08002ac0                EwWarpAlpha8RowFilterGradient
                0x08002d54                EwWarpAlpha8RowGradientBlend
                0x08002ff0                EwWarpAlpha8RowFilterGradientBlend
                0x08003304                EwWarpRGB565Row
                0x08003384                EwWarpRGB565RowFilter
                0x0800349c                EwWarpRGB565RowGradient
                0x080035a8                EwWarpRGB565RowFilterGradient
                0x08003774                EwWarpRGB565RowGradientBlend
                0x08003908                EwWarpRGB565RowFilterGradientBlend
                0x08003b34                EwScreenSetPixelSolid
                0x08003ba4                EwScreenSetPixelSolidBlend
                0x08003c28                EwScreenFillRowSolid
                0x08003cbc                EwScreenFillRowSolidBlend
                0x08003d50                EwScreenFillRowGradient
                0x08003df0                EwScreenFillRowGradientBlend
                0x08003ec0                EwScreenCopyNativeRow
                0x08003f18                EwScreenCopyNativeRowBlend
                0x08003f88                EwScreenCopyNativeRowSolid
                0x08003fe8                EwScreenCopyNativeRowSolidBlend
                0x08004068                EwScreenCopyNativeRowGradient
                0x080040d0                EwScreenCopyNativeRowGradientBlend
                0x08004158                EwScreenCopyIndex8Row
                0x080041b8                EwScreenCopyIndex8RowBlend
                0x0800422c                EwScreenCopyIndex8RowSolid
                0x08004294                EwScreenCopyIndex8RowSolidBlend
                0x08004318                EwScreenCopyIndex8RowGradient
                0x08004384                EwScreenCopyIndex8RowGradientBlend
                0x08004410                EwScreenCopyAlpha8RowSolid
                0x080044b8                EwScreenCopyAlpha8RowSolidBlend
                0x0800456c                EwScreenCopyAlpha8RowGradient
                0x08004638                EwScreenCopyAlpha8RowGradientBlend
                0x08004720                EwScreenCopyRGB565Row
                0x0800473c                EwScreenCopyRGB565RowSolid
                0x08004784                EwScreenCopyRGB565RowSolidBlend
                0x080047e0                EwScreenCopyRGB565RowGradient
                0x08004828                EwScreenCopyRGB565RowGradientBlend
                0x08004890                EwScreenWarpNativeRow
                0x0800491c                EwScreenWarpNativeRowFilter
                0x08004a5c                EwScreenWarpNativeRowBlend
                0x08004afc                EwScreenWarpNativeRowFilterBlend
                0x08004c58                EwScreenWarpNativeRowGradient
                0x08004d80                EwScreenWarpNativeRowFilterGradient
                0x08004f5c                EwScreenWarpNativeRowGradientBlend
                0x08005090                EwScreenWarpNativeRowFilterGradientBlend
                0x08005280                EwScreenWarpIndex8Row
                0x0800530c                EwScreenWarpIndex8RowFilter
                0x08005458                EwScreenWarpIndex8RowBlend
                0x08005500                EwScreenWarpIndex8RowFilterBlend
                0x08005658                EwScreenWarpIndex8RowGradient
                0x08005780                EwScreenWarpIndex8RowFilterGradient
                0x08005964                EwScreenWarpIndex8RowGradientBlend
                0x08005aa0                EwScreenWarpIndex8RowFilterGradientBlend
                0x08005c9c                EwScreenWarpAlpha8RowGradient
                0x08005edc                EwScreenWarpAlpha8RowFilterGradient
                0x080061ac                EwScreenWarpAlpha8RowGradientBlend
                0x08006454                EwScreenWarpAlpha8RowFilterGradientBlend
                0x08006768                EwScreenWarpRGB565Row
                0x080067b4                EwScreenWarpRGB565RowFilter
                0x080068a4                EwScreenWarpRGB565RowGradient
                0x080069bc                EwScreenWarpRGB565RowFilterGradient
                0x08006b7c                EwScreenWarpRGB565RowGradientBlend
                0x08006ca0                EwScreenWarpRGB565RowFilterGradientBlend
                0x08006e70                EwWarpNativeRowSolid
                0x08006e74                EwWarpNativeRowSolidBlend
                0x08006e78                EwWarpNativeRowFilterSolid
                0x08006e7c                EwWarpNativeRowFilterSolidBlend
                0x08006e80                EwWarpIndex8RowSolid
                0x08006e84                EwWarpIndex8RowSolidBlend
                0x08006e88                EwWarpIndex8RowFilterSolid
                0x08006e8c                EwWarpIndex8RowFilterSolidBlend
                0x08006e90                EwWarpAlpha8RowSolid
                0x08006e94                EwWarpAlpha8RowSolidBlend
                0x08006e98                EwWarpAlpha8RowFilterSolid
                0x08006e9c                EwWarpAlpha8RowFilterSolidBlend
                0x08006ea0                EwWarpRGB565RowSolid
                0x08006ea4                EwWarpRGB565RowSolidBlend
                0x08006ea8                EwWarpRGB565RowFilterSolid
                0x08006eac                EwWarpRGB565RowFilterSolidBlend
                0x08006eb0                EwScreenWarpNativeRowSolid
                0x08006eb4                EwScreenWarpNativeRowSolidBlend
                0x08006eb8                EwScreenWarpNativeRowFilterSolid
                0x08006ebc                EwScreenWarpNativeRowFilterSolidBlend
                0x08006ec0                EwScreenWarpIndex8RowSolid
                0x08006ec4                EwScreenWarpIndex8RowSolidBlend
                0x08006ec8                EwScreenWarpIndex8RowFilterSolid
                0x08006ecc                EwScreenWarpIndex8RowFilterSolidBlend
                0x08006ed0                EwScreenWarpAlpha8RowSolid
                0x08006ed4                EwScreenWarpAlpha8RowSolidBlend
                0x08006ed8                EwScreenWarpAlpha8RowFilterSolid
                0x08006edc                EwScreenWarpAlpha8RowFilterSolidBlend
                0x08006ee0                EwScreenWarpRGB565RowSolid
                0x08006ee4                EwScreenWarpRGB565RowSolidBlend
                0x08006ee8                EwScreenWarpRGB565RowFilterSolid
                0x08006eec                EwScreenWarpRGB565RowFilterSolidBlend
 .text          0x08006ef0     0x950c C:/STM32/STM32F429-Discovery/Application/Project/TrueSTUDIO/STM32F429-Discovery/../../../../PlatformPackage/RGB565\libewgfx-m4-gcc.a(ewgfx.o)
                0x08008794                EwEnableGfxTaskTracing
                0x080087a4                EwFreeBitmap
                0x08008808                EwDoneGraphicsEngine
                0x08008844                EwCreateBitmap
                0x080088d0                EwLoadBitmap
                0x08008a88                EwLockBitmap
                0x08008be0                EwUnlockBitmap
                0x08008c10                EwInitGraphicsEngine
                0x08008e30                EwModifyBitmapPalette
                0x08008f34                EwFlushBitmap
                0x08008f5c                EwLoadFont
                0x08009028                EwFreeFont
                0x08009050                EwInitViewport
                0x080091a0                EwBeginUpdate
                0x08009244                EwBeginUpdateArea
                0x0800935c                EwFillRectangle
                0x080095ac                EwDrawBorder
                0x080097a4                EwCreatePath
                0x0800982c                EwGetSVGParserStatus
                0x08009838                EwGetSVGParserErrorPos
                0x08009844                EwFreePath
                0x080098c8                EwGetMaxNoOfSubPaths
                0x080098d0                EwInitSubPath
                0x080099d4                EwBeginSubPath
                0x08009a74                EwAddSubPathLine
                0x08009b4c                EwAddSubPathBezier2
                0x08009cd8                EwAddSubPathBezier3
                0x08009eac                EwAddSubPathArc
                0x0800a0a0                EwAddSubPathCopy
                0x0800a2e0                EwCloseSubPath
                0x0800a38c                EwShiftSubPathNodes
                0x0800a454                EwSetSubPathNode
                0x0800a530                EwGetSubPathNodeX
                0x0800a564                EwGetSubPathNodeY
                0x0800a598                EwGetNoOfSubPathEdges
                0x0800a5b4                EwGetNoOfFreeSubPathEdges
                0x0800a5d8                EwIsSubPathClosed
                0x0800a5fc                EwGetSubPathBounds
                0x0800a63c                EwGetPathBounds
                0x0800a664                EwTranslatePathMatrix
                0x0800a698                EwScalePathMatrix
                0x0800a6cc                EwRotatePathMatrix
                0x0800a734                EwPushPathMatrix
                0x0800a73c                EwPopPathMatrix
                0x0800a788                EwCreatePathFromSVGString
                0x0800b77c                EwInitPathMatrix
                0x0800b794                EwFillPath
                0x0800bb90                EwStrokePath
                0x0800c1f4                EwGetBitmapFromFillPath
                0x0800c470                EwGetBitmapFromStrokePath
                0x0800c9f8                EwCopyBitmap
                0x0800ce40                EwEndUpdate
                0x0800d1c8                EwDoneViewport
                0x0800d218                EwConfigViewport
                0x0800d258                EwTileBitmap
                0x0800d654                EwWarpBitmap
                0x0800de24                EwDrawLine
                0x0800e060                EwIsGlyphAvailable
                0x0800e0bc                EwGetTextExtent
                0x0800e1f4                EwGetTextAdvance
                0x0800e2b8                EwDrawText
                0x0800eb80                EwGetTextColumnAtPosition
                0x0800ed14                EwGetPositionAtTextColumn
                0x0800ee88                EwGetGlyphMetrics
                0x0800eed8                EwGetKerning
                0x0800eef8                EwLockGlyph
                0x0800f050                EwUnlockGlyph
                0x0800f08c                EwDrawBitmapFrame
                0x08010240                EwIndexToColor
                0x08010248                EwColorToIndex
                0x08010250                EwAllocUserColor
                0x08010258                EwFreeUserColor
                0x0801025c                EwSetUserColor
                0x08010264                EwFindUserColor
                0x0801026c                EwGetOverlayArea
                0x080102fc                EwCanDiscardSurface
 .text          0x080103fc     0x3624 C:/STM32/STM32F429-Discovery/Application/Project/TrueSTUDIO/STM32F429-Discovery/../../../../PlatformPackage/RGB565\libewgfx-m4-gcc.a(ewgfxattrtext.o)
                0x080122bc                EwInitAttrText
                0x080122c0                EwParseFlowString
                0x08012974                EwGetFlowTextAdvance
                0x080129e4                EwCreateAttrSet
                0x08012ab0                EwFreeAttrSet
                0x08012ae8                EwGetNoOfAttrFonts
                0x08012af0                EwGetNoOfAttrBitmaps
                0x08012af8                EwGetNoOfAttrColors
                0x08012b00                EwGetAttrFont
                0x08012b18                EwGetAttrBitmap
                0x08012b30                EwGetAttrColor
                0x0801342c                EwSetAttrFont
                0x08013440                EwSetAttrBitmap
                0x08013454                EwSetAttrColor
                0x0801346c                EwParseAttrString
                0x08013744                EwFreeAttrString
                0x0801378c                EwDrawAttrText
                0x08013898                EwGetAttrTextSize
                0x08013914                EwIsAttrTextRTL
                0x08013920                EwGetNoOfAttrLinks
                0x08013928                EwGetAttrLinkName
                0x08013948                EwGetNoOfAttrLinkRegions
                0x08013968                EwGetAttrLinkRect
                0x080139d8                EwGetAttrLinkBaseline
 .text          0x08013a20     0x1b88 C:/STM32/STM32F429-Discovery/Application/Project/TrueSTUDIO/STM32F429-Discovery/../../../../PlatformPackage/RGB565\libewgfx-m4-gcc.a(ewgfxbidi.o)
                0x08013ab0                EwInitBidi
                0x08013ab4                EwCreateBidi
                0x08013b30                EwFreeBidi
                0x08013b4c                EwBidiIsNeeded
                0x08013b58                EwBidiIsRTL
                0x08013b68                EwBidiGetCharLevel
                0x08013b84                EwBidiInit
                0x08013d68                EwBidiProcess
                0x08014b34                EwBidiApplyShaping
                0x08015054                EwBidiMirrorGlyphs
                0x080150e0                EwBidiCompleteRow
                0x08015194                EwBidiReorderChars
                0x08015284                EwBidiReorderDWords
                0x08015384                EwBidiReorderIndex
                0x08015448                EwBidiReverseReorderIndex
                0x08015574                EwBidiGetTypesAndLevels
 .text          0x080155a8     0x15a4 C:/STM32/STM32F429-Discovery/Application/Project/TrueSTUDIO/STM32F429-Discovery/../../../../PlatformPackage/RGB565\libewgfx-m4-gcc.a(ewgfxcore.o)
                0x08015c2c                EwDoneGfxCore
                0x08015d18                EwInitGfxCore
                0x08015f90                EwCreateSurface
                0x08015fc8                EwCreateConstSurface
                0x080160fc                EwFindSurface
                0x080161b4                EwFreeSurface
                0x08016224                EwUnlockSurface
                0x0801636c                EwCreateGlyph
                0x080165c0                EwFindGlyph
                0x08016604                EwFreeGlyph
                0x0801660c                EwDiscardGlyph
                0x08016618                EwUnlockGlyphCache
                0x08016624                EwInitIssue
                0x08016724                EwAllocTask
                0x08016770                EwAllocTasks
                0x080167a4                EwAllocTaskData
                0x080167dc                EwFreeTaskData
                0x080167f0                EwFlushTasks
                0x080168ec                EwDoneIssue
                0x08016944                EwWaitForSurface
                0x08016990                EwLockSurface
                0x08016b14                EwLockGlyphCache
                0x08016b44                EwCleanSurfaceCache
 .text          0x08016b4c     0x276c C:/STM32/STM32F429-Discovery/Application/Project/TrueSTUDIO/STM32F429-Discovery/../../../../PlatformPackage/RGB565\libewgfx-m4-gcc.a(ewgfxdriver.o)
                0x080177a0                EwDestroyIndex8Surface
                0x080177d0                EwGetIndex8SurfaceMemory
                0x08017808                EwGetIndex8SurfaceMemSize
                0x08017814                EwDestroyAlpha8Surface
                0x08017844                EwGetAlpha8SurfaceMemory
                0x08017878                EwGetAlpha8SurfaceMemSize
                0x08017880                EwInitColorGradient
                0x080179fc                EwInitOpacityGradient
                0x08017aa4                EwGetColorFromGradient
                0x08017b98                EwGetOpacityFromGradient
                0x08017bfc                EwRasterAlpha8Polygon
                0x08017d34                EwEmulateLine
                0x08017e1c                EwEmulateFill
                0x08018044                EwEmulateCopy
                0x080182cc                EwEmulateWarp
                0x08018cb4                EwEmulateFillPolygon
                0x080190b0                EwAllocVideo
                0x080190dc                EwCreateIndex8Surface
                0x0801914c                EwCreateConstIndex8Surface
                0x080191d0                EwCreateAlpha8Surface
                0x08019238                EwCreateConstAlpha8Surface
                0x080192b4                EwFreeVideo
 .text          0x080192b8     0x224c C:/STM32/STM32F429-Discovery/Application/Project/TrueSTUDIO/STM32F429-Discovery/../../../../PlatformPackage/RGB565\libewgfx-m4-gcc.a(ewgfxtasks.o)
                0x080195b8                EwGfxTasksInit
                0x080195bc                EwReorderTasks
                0x080197f0                EwReverseTasks
                0x08019808                EwEliminateTasks
                0x08019b84                EwExecuteTasks
                0x0801b3fc                EwCompleteTasks
                0x0801b490                EwCountTasks
                0x0801b4f4                EwTraceTasks
 .text          0x0801b504      0x428 C:/STM32/STM32F429-Discovery/Application/Project/TrueSTUDIO/STM32F429-Discovery/../../../../PlatformPackage/RGB565\libewgfx-m4-gcc.a(ewextbmp_RGB565.o)
                0x0801b504                EwBmpInit
                0x0801b528                EwBmpDone
                0x0801b52c                EwBmpOpen
                0x0801b5ec                EwBmpClose
                0x0801b5f0                EwBmpGetMetrics
                0x0801b66c                EwBmpGetFrameMetrics
                0x0801b6ac                EwBmpGetFrameMemory
                0x0801b738                EwBmpLoadFrame
                0x0801b8a8                EwBmpLoadClut
                0x0801b900                EwBmpLoadMappingTable
 .text          0x0801b92c      0x498 C:/STM32/STM32F429-Discovery/Application/Project/TrueSTUDIO/STM32F429-Discovery/../../../../PlatformPackage/RGB565\libewgfx-m4-gcc.a(ewextfnt.o)
                0x0801b92c                EwFntInit
                0x0801b930                EwFntDone
                0x0801b934                EwFntOpen
                0x0801b95c                EwFntClose
                0x0801b960                EwFntGetMetrics
                0x0801b97c                EwFntGetGlyphMetrics
                0x0801b9e8                EwFntGetKerning
                0x0801ba44                EwFntIsGlyphAvailable
                0x0801ba84                EwFntLoadGlyph
 .text          0x0801bdc4      0x370 C:/STM32/STM32F429-Discovery/Application/Project/TrueSTUDIO/STM32F429-Discovery/../../../../PlatformPackage/RTE\libewrte-m4-gcc.a(ewcolor.o)
                0x0801bdc4                EwNewColor
                0x0801bde4                EwMinusColor
                0x0801be3c                EwPlusColor
                0x0801be9c                EwBlendColor
                0x0801bf48                EwBlendColorInt
                0x0801bfac                EwBlendColorUInt
                0x0801c014                EwSetColorRed
                0x0801c040                EwSetColorGreen
                0x0801c06c                EwSetColorBlue
                0x0801c098                EwSetColorAlpha
                0x0801c0c4                EwCompColor
                0x0801c104                EwGetVariantOfColor
 .text          0x0801c134      0x824 C:/STM32/STM32F429-Discovery/Application/Project/TrueSTUDIO/STM32F429-Discovery/../../../../PlatformPackage/RTE\libewrte-m4-gcc.a(ewdebug.o)
                0x0801c134                EwPrint
                0x0801c614                EwTrace
                0x0801c904                EwThrow
                0x0801c91c                EwError
                0x0801c928                EwErrorS
                0x0801c938                EwErrorPD
                0x0801c948                EwErrorDD
 .text          0x0801c958      0xad4 C:/STM32/STM32F429-Discovery/Application/Project/TrueSTUDIO/STM32F429-Discovery/../../../../PlatformPackage/RTE\libewrte-m4-gcc.a(ewheap.o)
                0x0801c958                EwInitHeap
                0x0801c978                EwDoneHeap
                0x0801c990                EwAddHeapMemoryPool
                0x0801ca08                EwGetHeapInfo
                0x0801cafc                EwDumpHeap
                0x0801cc48                EwVerifyHeap
                0x0801cec8                EwAllocHeapBlock
                0x0801d0b0                EwFreeHeapBlock
                0x0801d40c                EwIsHeapPtr
 .text          0x0801d42c      0x994 C:/STM32/STM32F429-Discovery/Application/Project/TrueSTUDIO/STM32F429-Discovery/../../../../PlatformPackage/RTE\libewrte-m4-gcc.a(ewobject.o)
                0x0801d42c                XObject__Init
                0x0801d438                XObject__ReInit
                0x0801d43c                XObject__Done
                0x0801d440                EwSetStackBaseAddress
                0x0801d448                EwNewObjectIndirect
                0x0801d4f0                EwAttachObjectVariant
                0x0801d5a0                EwDetachObjectVariant
                0x0801d5d0                EwGetAutoObject
                0x0801d6c8                EwCastObject
                0x0801d704                EwCastClass
                0x0801d720                EwClassOf
                0x0801d728                EwLockObject
                0x0801d77c                EwUnlockObject
                0x0801d7dc                EwReclaimMemory
                0x0801dba4                EwImmediateReclaimMemory
                0x0801dba8                EwTestImmediateReclaimMemory
                0x0801dbac                EwReconstructObjects
                0x0801dbc8                EwPrintProfilerStatistic
 .text          0x0801ddc0       0xfc C:/STM32/STM32F429-Discovery/Application/Project/TrueSTUDIO/STM32F429-Discovery/../../../../PlatformPackage/RTE\libewrte-m4-gcc.a(ewpoint.o)
                0x0801ddc0                EwNewPoint
                0x0801ddc8                EwCompPoint
                0x0801de00                EwMovePointNeg
                0x0801de24                EwMovePointPos
                0x0801de48                EwNegPoint
                0x0801de60                EwSetPointX
                0x0801de80                EwSetPointY
                0x0801dea0                EwGetVariantOfPoint
 .text          0x0801debc      0x55c C:/STM32/STM32F429-Discovery/Application/Project/TrueSTUDIO/STM32F429-Discovery/../../../../PlatformPackage/RTE\libewrte-m4-gcc.a(ewrect.o)
                0x0801debc                EwNewRect
                0x0801decc                EwNewRect2Point
                0x0801df00                EwCompRect
                0x0801df38                EwIsPointInRect
                0x0801df6c                EwIsRectEmpty
                0x0801df94                EwInflateRect
                0x0801dfc0                EwIntersectRect
                0x0801e054                EwUnionRect
                0x0801e0e4                EwIntersectRect2
                0x0801e174                EwMoveRectNeg
                0x0801e1a0                EwMoveRectPos
                0x0801e1cc                EwGetRectH
                0x0801e1e0                EwGetRectW
                0x0801e1f4                EwGetRectArea
                0x0801e214                EwGetRectSize
                0x0801e234                EwGetRectORect
                0x0801e25c                EwGetRectCenter
                0x0801e28c                EwSetRectSize
                0x0801e2b8                EwSetRectOrigin
                0x0801e2e4                EwSetRectX1
                0x0801e304                EwSetRectY1
                0x0801e324                EwSetRectX2
                0x0801e344                EwSetRectY2
                0x0801e364                EwSetRectW
                0x0801e388                EwSetRectH
                0x0801e3ac                EwSetRectPoint1
                0x0801e3d4                EwSetRectPoint2
                0x0801e3fc                EwGetVariantOfRect
 .text          0x0801e418      0x4b8 C:/STM32/STM32F429-Discovery/Application/Project/TrueSTUDIO/STM32F429-Discovery/../../../../PlatformPackage/RTE\libewrte-m4-gcc.a(ewresource.o)
                0x0801e418                EwRegisterResource
                0x0801e4a0                EwDeregisterResource
                0x0801e4f4                EwGetLanguage
                0x0801e500                EwSetLanguage
                0x0801e514                EwGetStyles
                0x0801e520                EwSetStyles
                0x0801e52c                EwStylesContains
                0x0801e540                EwGetVariantOf
                0x0801e5a4                EwLoadResource
                0x0801e604                EwGetVariantOfLangId
                0x0801e610                EwGetVariantOfStylesSet
                0x0801e61c                EwDecompress
                0x0801e8a0                EwAdaptByteOrder2
                0x0801e8a4                EwAdaptByteOrder4
                0x0801e8a8                EwReleaseDecompressBuffers
 .text          0x0801e8d0       0x98 C:/STM32/STM32F429-Discovery/Application/Project/TrueSTUDIO/STM32F429-Discovery/../../../../PlatformPackage/RTE\libewrte-m4-gcc.a(ewscalars.o)
                0x0801e8d0                EwSetContains
                0x0801e8e4                EwGetVariantOfInt8
                0x0801e8f4                EwGetVariantOfInt16
                0x0801e904                EwGetVariantOfInt32
                0x0801e910                EwGetVariantOfUInt8
                0x0801e91c                EwGetVariantOfUInt16
                0x0801e928                EwGetVariantOfUInt32
                0x0801e934                EwGetVariantOfBool
                0x0801e940                EwGetVariantOfFloat
                0x0801e950                EwGetVariantOfEnum
                0x0801e95c                EwGetVariantOfSet
 .text          0x0801e968      0x818 C:/STM32/STM32F429-Discovery/Application/Project/TrueSTUDIO/STM32F429-Discovery/../../../../PlatformPackage/RTE\libewrte-m4-gcc.a(ewslot.o)
                0x0801eabc                EwMarkSignals
                0x0801eb10                EwDiscardSignals
                0x0801eb54                EwDisposeObservers
                0x0801eb78                EwDisposeSignals
                0x0801eb90                EwNewSlot
                0x0801eb98                EwCompSlot
                0x0801ebd0                EwSignal
                0x0801ebe8                EwPostSignal
                0x0801ec18                EwIdleSignal
                0x0801ec40                EwProcessSignals
                0x0801ec94                EwAnyPendingSignals
                0x0801ecac                EwAttachObjObserver
                0x0801eda4                EwAttachRefObserver
                0x0801ee84                EwAttachObserver
                0x0801ef60                EwDetachObjObserver
                0x0801efcc                EwDetachRefObserver
                0x0801f058                EwDetachObserver
                0x0801f0bc                EwNotifyObjObservers
                0x0801f0fc                EwNotifyRefObservers
                0x0801f148                EwNotifyObservers
 .text          0x0801f180     0x1800 C:/STM32/STM32F429-Discovery/Application/Project/TrueSTUDIO/STM32F429-Discovery/../../../../PlatformPackage/RTE\libewrte-m4-gcc.a(ewstring.o)
                0x0801f510                ToLower
                0x0801f634                EwDisposeStrings
                0x0801f788                EwCanMarkString
                0x0801f7d4                EwFormatUIntToAnsiString
                0x0801f8ac                EwFormatIntToAnsiString
                0x0801f9b4                EwFormatFloatToAnsiString
                0x0801fbe8                EwNewString
                0x0801fc10                EwNewStringAnsi
                0x0801fc58                EwNewStringUtf8
                0x0801fd70                EwNewStringUInt
                0x0801fd98                EwNewStringInt
                0x0801fdc0                EwNewStringFloat
                0x0801fe00                EwNewStringChar
                0x0801fe2c                EwCompString
                0x0801fe88                EwLoadString
                0x0801fe9c                EwShareString
                0x0801fec0                EwConcatString
                0x0801ff30                EwConcatStringChar
                0x0801ff78                EwConcatCharString
                0x0801ffc8                EwGetStringChar
                0x0801fffc                EwSetStringChar
                0x0802006c                EwGetStringLength
                0x08020080                EwGetStringUpper
                0x080200cc                EwGetStringLower
                0x08020118                EwStringLeft
                0x08020160                EwStringRight
                0x080201b0                EwStringMiddle
                0x08020228                EwStringInsert
                0x080202e8                EwStringRemove
                0x08020378                EwStringFindChar
                0x080203c4                EwStringFind
                0x0802043c                EwStringParseInt32
                0x08020578                EwStringParseUInt32
                0x080206b4                EwStringParseFloat
                0x08020814                EwStringToAnsi
                0x08020868                EwGetUtf8StringLength
                0x080208a0                EwStringToUtf8
                0x08020938                EwGetVariantOfString
                0x0802095c                EwGetVariantOfChar
                0x08020968                EwGetCharUpper
                0x08020974                EwGetCharLower
 .text          0x08020980      0x274 C:/STM32/STM32F429-Discovery/Application/Project/TrueSTUDIO/STM32F429-Discovery/../../../../PlatformPackage/RTE\libewrte-m4-gcc.a(ewtimer.o)
                0x080209a8                EwCreateTimer
                0x08020a30                EwDestroyTimer
                0x08020a9c                EwStartTimer
                0x08020b08                EwResetTimer
                0x08020b1c                EwProcessTimers
                0x08020bbc                EwNextTimerExpiration
 .text          0x08020bf4      0x370 c:/program files (x86)/atollic/truestudio for stm32 9.3.0/armtools/bin/../lib/gcc/arm-atollic-eabi/6.3.1/armv7e-m/fpu\libgcc.a(_arm_addsubdf3.o)
                0x08020bf4                __aeabi_drsub
                0x08020bfc                __aeabi_dsub
                0x08020bfc                __subdf3
                0x08020c00                __aeabi_dadd
                0x08020c00                __adddf3
                0x08020e78                __floatunsidf
                0x08020e78                __aeabi_ui2d
                0x08020e98                __floatsidf
                0x08020e98                __aeabi_i2d
                0x08020ebc                __aeabi_f2d
                0x08020ebc                __extendsfdf2
                0x08020ef8                __floatundidf
                0x08020ef8                __aeabi_ul2d
                0x08020f08                __floatdidf
                0x08020f08                __aeabi_l2d
 .text          0x08020f64      0x424 c:/program files (x86)/atollic/truestudio for stm32 9.3.0/armtools/bin/../lib/gcc/arm-atollic-eabi/6.3.1/armv7e-m/fpu\libgcc.a(_arm_muldivdf3.o)
                0x08020f64                __aeabi_dmul
                0x08020f64                __muldf3
                0x080211b8                __divdf3
                0x080211b8                __aeabi_ddiv
 .text          0x08021388      0x110 c:/program files (x86)/atollic/truestudio for stm32 9.3.0/armtools/bin/../lib/gcc/arm-atollic-eabi/6.3.1/armv7e-m/fpu\libgcc.a(_arm_cmpdf2.o)
                0x08021388                __gtdf2
                0x08021388                __gedf2
                0x08021390                __ltdf2
                0x08021390                __ledf2
                0x08021398                __nedf2
                0x08021398                __eqdf2
                0x08021398                __cmpdf2
                0x08021414                __aeabi_cdrcmple
                0x08021424                __aeabi_cdcmpeq
                0x08021424                __aeabi_cdcmple
                0x08021434                __aeabi_dcmpeq
                0x08021448                __aeabi_dcmplt
                0x0802145c                __aeabi_dcmple
                0x08021470                __aeabi_dcmpge
                0x08021484                __aeabi_dcmpgt
 .text          0x08021498       0x50 c:/program files (x86)/atollic/truestudio for stm32 9.3.0/armtools/bin/../lib/gcc/arm-atollic-eabi/6.3.1/armv7e-m/fpu\libgcc.a(_arm_fixdfsi.o)
                0x08021498                __aeabi_d2iz
                0x08021498                __fixdfsi
 .text          0x080214e8       0xa0 c:/program files (x86)/atollic/truestudio for stm32 9.3.0/armtools/bin/../lib/gcc/arm-atollic-eabi/6.3.1/armv7e-m/fpu\libgcc.a(_arm_truncdfsf2.o)
                0x080214e8                __truncdfsf2
                0x080214e8                __aeabi_d2f
 .text          0x08021588       0x30 c:/program files (x86)/atollic/truestudio for stm32 9.3.0/armtools/bin/../lib/gcc/arm-atollic-eabi/6.3.1/armv7e-m/fpu\libgcc.a(_aeabi_uldivmod.o)
                0x08021588                __aeabi_uldivmod
 .text          0x080215b8      0x2dc c:/program files (x86)/atollic/truestudio for stm32 9.3.0/armtools/bin/../lib/gcc/arm-atollic-eabi/6.3.1/armv7e-m/fpu\libgcc.a(_udivmoddi4.o)
                0x080215b8                __udivmoddi4
 .text          0x08021894        0x4 c:/program files (x86)/atollic/truestudio for stm32 9.3.0/armtools/bin/../lib/gcc/arm-atollic-eabi/6.3.1/armv7e-m/fpu\libgcc.a(_dvmd_tls.o)
                0x08021894                __aeabi_idiv0
                0x08021894                __aeabi_ldiv0
 *(.text*)
 .text.ApplicationApplication__Init
                0x08021898      0x26c Application\GeneratedCode\Application.o
                0x08021898                ApplicationApplication__Init
 .text.ApplicationApplication__ReInit
                0x08021b04       0x60 Application\GeneratedCode\Application.o
                0x08021b04                ApplicationApplication__ReInit
 .text.ApplicationApplication__Done
                0x08021b64       0x6c Application\GeneratedCode\Application.o
                0x08021b64                ApplicationApplication__Done
 .text.ApplicationApplication_OnSetProperty
                0x08021bd0       0x3c Application\GeneratedCode\Application.o
                0x08021bd0                ApplicationApplication_OnSetProperty
 .text.ApplicationApplication_Slot
                0x08021c0c      0x2e0 Application\GeneratedCode\Application.o
                0x08021c0c                ApplicationApplication_Slot
 .text.ApplicationApplication_OnSetProperty1
                0x08021eec       0x2c Application\GeneratedCode\Application.o
                0x08021eec                ApplicationApplication_OnSetProperty1
 .text.EwCheckIndex
                0x08021f18       0x40 Application\GeneratedCode\Core.o
 .text.CoreView__Init
                0x08021f58       0x40 Application\GeneratedCode\Core.o
                0x08021f58                CoreView__Init
 .text.CoreView__ReInit
                0x08021f98       0x18 Application\GeneratedCode\Core.o
                0x08021f98                CoreView__ReInit
 .text.CoreView__Done
                0x08021fb0       0x24 Application\GeneratedCode\Core.o
                0x08021fb0                CoreView__Done
 .text.CoreView_initLayoutContext
                0x08021fd4       0x20 Application\GeneratedCode\Core.o
                0x08021fd4                CoreView_initLayoutContext
 .text.CoreView__initLayoutContext
                0x08021ff4       0x38 Application\GeneratedCode\Core.o
                0x08021ff4                CoreView__initLayoutContext
 .text.CoreView_Draw
                0x0802202c       0x22 Application\GeneratedCode\Core.o
                0x0802202c                CoreView_Draw
 .text.CoreView__Draw
                0x0802204e       0x5a Application\GeneratedCode\Core.o
                0x0802204e                CoreView__Draw
 .text.CoreView_HandleEvent
                0x080220a8       0x18 Application\GeneratedCode\Core.o
                0x080220a8                CoreView_HandleEvent
 .text.CoreView_CursorHitTest
                0x080220c0       0x22 Application\GeneratedCode\Core.o
                0x080220c0                CoreView_CursorHitTest
 .text.CoreView__CursorHitTest
                0x080220e2       0x46 Application\GeneratedCode\Core.o
                0x080220e2                CoreView__CursorHitTest
 .text.CoreView_ArrangeView
                0x08022128       0x2e Application\GeneratedCode\Core.o
                0x08022128                CoreView_ArrangeView
 .text.CoreView__ArrangeView
                0x08022156       0x48 Application\GeneratedCode\Core.o
                0x08022156                CoreView__ArrangeView
 .text.CoreView_MoveView
                0x0802219e       0x1c Application\GeneratedCode\Core.o
                0x0802219e                CoreView_MoveView
 .text.CoreView__MoveView
                0x080221ba       0x28 Application\GeneratedCode\Core.o
                0x080221ba                CoreView__MoveView
 .text.CoreView_GetExtent
                0x080221e2       0x24 Application\GeneratedCode\Core.o
                0x080221e2                CoreView_GetExtent
 .text.CoreView__GetExtent
                0x08022206       0x20 Application\GeneratedCode\Core.o
                0x08022206                CoreView__GetExtent
 *fill*         0x08022226        0x2 
 .text.CoreView_ChangeViewState
                0x08022228      0x1a8 Application\GeneratedCode\Core.o
                0x08022228                CoreView_ChangeViewState
 .text.CoreView__ChangeViewState
                0x080223d0       0x22 Application\GeneratedCode\Core.o
                0x080223d0                CoreView__ChangeViewState
 *fill*         0x080223f2        0x2 
 .text.CoreRectView__Init
                0x080223f4       0x30 Application\GeneratedCode\Core.o
                0x080223f4                CoreRectView__Init
 .text.CoreRectView__ReInit
                0x08022424       0x18 Application\GeneratedCode\Core.o
                0x08022424                CoreRectView__ReInit
 .text.CoreRectView__Done
                0x0802243c       0x24 Application\GeneratedCode\Core.o
                0x0802243c                CoreRectView__Done
 .text.CoreRectView_initLayoutContext
                0x08022460       0x5c Application\GeneratedCode\Core.o
                0x08022460                CoreRectView_initLayoutContext
 .text.CoreRectView_ArrangeView
                0x080224bc      0x584 Application\GeneratedCode\Core.o
                0x080224bc                CoreRectView_ArrangeView
 .text.CoreRectView_MoveView
                0x08022a40       0x80 Application\GeneratedCode\Core.o
                0x08022a40                CoreRectView_MoveView
 .text.CoreRectView_GetExtent
                0x08022ac0       0x22 Application\GeneratedCode\Core.o
                0x08022ac0                CoreRectView_GetExtent
 *fill*         0x08022ae2        0x2 
 .text.CoreRectView_OnSetBounds
                0x08022ae4      0x100 Application\GeneratedCode\Core.o
                0x08022ae4                CoreRectView_OnSetBounds
 .text.CoreRectView__OnSetBounds
                0x08022be4       0x34 Application\GeneratedCode\Core.o
                0x08022be4                CoreRectView__OnSetBounds
 .text.CoreGroup__Init
                0x08022c18       0x44 Application\GeneratedCode\Core.o
                0x08022c18                CoreGroup__Init
 .text.CoreGroup__ReInit
                0x08022c5c       0x18 Application\GeneratedCode\Core.o
                0x08022c5c                CoreGroup__ReInit
 .text.CoreGroup__Done
                0x08022c74       0x24 Application\GeneratedCode\Core.o
                0x08022c74                CoreGroup__Done
 .text.CoreGroup_Draw
                0x08022c98      0x130 Application\GeneratedCode\Core.o
                0x08022c98                CoreGroup_Draw
 .text.CoreGroup_CursorHitTest
                0x08022dc8      0x2de Application\GeneratedCode\Core.o
                0x08022dc8                CoreGroup_CursorHitTest
 *fill*         0x080230a6        0x2 
 .text.CoreGroup_ChangeViewState
                0x080230a8       0xec Application\GeneratedCode\Core.o
                0x080230a8                CoreGroup_ChangeViewState
 .text.CoreGroup_OnSetBounds
                0x08023194      0x168 Application\GeneratedCode\Core.o
                0x08023194                CoreGroup_OnSetBounds
 .text.CoreGroup_processKeyHandlers
                0x080232fc       0x58 Application\GeneratedCode\Core.o
                0x080232fc                CoreGroup_processKeyHandlers
 .text.CoreGroup_drawContent
                0x08023354      0x230 Application\GeneratedCode\Core.o
                0x08023354                CoreGroup_drawContent
 .text.CoreGroup_recalculateLayout
                0x08023584      0x7ac Application\GeneratedCode\Core.o
                0x08023584                CoreGroup_recalculateLayout
 .text.CoreGroup_updateComponent
                0x08023d30       0x6e Application\GeneratedCode\Core.o
                0x08023d30                CoreGroup_updateComponent
 *fill*         0x08023d9e        0x2 
 .text.CoreGroup_OnSetFocus
                0x08023da0       0xb4 Application\GeneratedCode\Core.o
                0x08023da0                CoreGroup_OnSetFocus
 .text.CoreGroup__OnSetFocus
                0x08023e54       0x1e Application\GeneratedCode\Core.o
                0x08023e54                CoreGroup__OnSetFocus
 .text.CoreGroup_LocalPosition
                0x08023e72       0x4a Application\GeneratedCode\Core.o
                0x08023e72                CoreGroup_LocalPosition
 .text.CoreGroup_DispatchEvent
                0x08023ebc       0xf0 Application\GeneratedCode\Core.o
                0x08023ebc                CoreGroup_DispatchEvent
 .text.CoreGroup__DispatchEvent
                0x08023fac       0x20 Application\GeneratedCode\Core.o
                0x08023fac                CoreGroup__DispatchEvent
 .text.CoreGroup_BroadcastEvent
                0x08023fcc       0x98 Application\GeneratedCode\Core.o
                0x08023fcc                CoreGroup_BroadcastEvent
 .text.CoreGroup__BroadcastEvent
                0x08024064       0x24 Application\GeneratedCode\Core.o
                0x08024064                CoreGroup__BroadcastEvent
 .text.CoreGroup_UpdateLayout
                0x08024088       0x1a Application\GeneratedCode\Core.o
                0x08024088                CoreGroup_UpdateLayout
 .text.CoreGroup_UpdateViewState
                0x080240a2       0x16 Application\GeneratedCode\Core.o
                0x080240a2                CoreGroup_UpdateViewState
 .text.CoreGroup_InvalidateViewState
                0x080240b8       0x3c Application\GeneratedCode\Core.o
                0x080240b8                CoreGroup_InvalidateViewState
 .text.CoreGroup_InvalidateArea
                0x080240f4      0x164 Application\GeneratedCode\Core.o
                0x080240f4                CoreGroup_InvalidateArea
 .text.CoreGroup__InvalidateArea
                0x08024258       0x34 Application\GeneratedCode\Core.o
                0x08024258                CoreGroup__InvalidateArea
 .text.CoreGroup_Init
                0x0802428c       0x18 Application\GeneratedCode\Core.o
                0x0802428c                CoreGroup_Init
 .text.CoreGroup_FindSiblingView
                0x080242a4       0xe4 Application\GeneratedCode\Core.o
                0x080242a4                CoreGroup_FindSiblingView
 .text.CoreGroup_Add
                0x08024388      0x23c Application\GeneratedCode\Core.o
                0x08024388                CoreGroup_Add
 .text.CoreRoot__Init
                0x080245c4       0x88 Application\GeneratedCode\Core.o
                0x080245c4                CoreRoot__Init
 .text.CoreRoot__ReInit
                0x0802464c       0x22 Application\GeneratedCode\Core.o
                0x0802464c                CoreRoot__ReInit
 *fill*         0x0802466e        0x2 
 .text.CoreRoot__Done
                0x08024670       0x2c Application\GeneratedCode\Core.o
                0x08024670                CoreRoot__Done
 .text.CoreRoot_Draw
                0x0802469c       0xf0 Application\GeneratedCode\Core.o
                0x0802469c                CoreRoot_Draw
 .text.CoreRoot_ChangeViewState
                0x0802478c       0x9a Application\GeneratedCode\Core.o
                0x0802478c                CoreRoot_ChangeViewState
 .text.CoreRoot_OnSetFocus
                0x08024826       0x2c Application\GeneratedCode\Core.o
                0x08024826                CoreRoot_OnSetFocus
 *fill*         0x08024852        0x2 
 .text.CoreRoot_DispatchEvent
                0x08024854       0xec Application\GeneratedCode\Core.o
                0x08024854                CoreRoot_DispatchEvent
 .text.CoreRoot_BroadcastEvent
                0x08024940       0x5a Application\GeneratedCode\Core.o
                0x08024940                CoreRoot_BroadcastEvent
 *fill*         0x0802499a        0x2 
 .text.CoreRoot_InvalidateArea
                0x0802499c      0x564 Application\GeneratedCode\Core.o
                0x0802499c                CoreRoot_InvalidateArea
 .text.CoreRoot_createDragEvent
                0x08024f00       0x4c Application\GeneratedCode\Core.o
                0x08024f00                CoreRoot_createDragEvent
 .text.CoreRoot_createCursorEvent
                0x08024f4c       0x4c Application\GeneratedCode\Core.o
                0x08024f4c                CoreRoot_createCursorEvent
 .text.CoreRoot_createCursorGrabEvent
                0x08024f98       0x4c Application\GeneratedCode\Core.o
                0x08024f98                CoreRoot_createCursorGrabEvent
 .text.CoreRoot_cursorHoldTimerProc
                0x08024fe4      0x430 Application\GeneratedCode\Core.o
                0x08024fe4                CoreRoot_cursorHoldTimerProc
 .text.CoreRoot_UpdateGE20
                0x08025414       0x5c Application\GeneratedCode\Core.o
                0x08025414                CoreRoot_UpdateGE20
 .text.CoreRoot__UpdateGE20
                0x08025470       0x20 Application\GeneratedCode\Core.o
                0x08025470                CoreRoot__UpdateGE20
 .text.CoreRoot_EndUpdate
                0x08025490       0x34 Application\GeneratedCode\Core.o
                0x08025490                CoreRoot_EndUpdate
 .text.CoreRoot__EndUpdate
                0x080254c4       0x16 Application\GeneratedCode\Core.o
                0x080254c4                CoreRoot__EndUpdate
 *fill*         0x080254da        0x2 
 .text.CoreRoot_UpdateCanvas
                0x080254dc      0x1d0 Application\GeneratedCode\Core.o
                0x080254dc                CoreRoot_UpdateCanvas
 .text.CoreRoot__UpdateCanvas
                0x080256ac       0x2e Application\GeneratedCode\Core.o
                0x080256ac                CoreRoot__UpdateCanvas
 *fill*         0x080256da        0x2 
 .text.CoreRoot_GetUpdateRegion
                0x080256dc       0xb8 Application\GeneratedCode\Core.o
                0x080256dc                CoreRoot_GetUpdateRegion
 .text.CoreRoot__GetUpdateRegion
                0x08025794       0x20 Application\GeneratedCode\Core.o
                0x08025794                CoreRoot__GetUpdateRegion
 .text.CoreRoot_BeginUpdate
                0x080257b4      0x390 Application\GeneratedCode\Core.o
                0x080257b4                CoreRoot_BeginUpdate
 .text.CoreRoot__BeginUpdate
                0x08025b44       0x18 Application\GeneratedCode\Core.o
                0x08025b44                CoreRoot__BeginUpdate
 .text.CoreRoot_DoesNeedUpdate
                0x08025b5c       0x50 Application\GeneratedCode\Core.o
                0x08025b5c                CoreRoot_DoesNeedUpdate
 .text.CoreRoot__DoesNeedUpdate
                0x08025bac       0x18 Application\GeneratedCode\Core.o
                0x08025bac                CoreRoot__DoesNeedUpdate
 .text.CoreRoot_Initialize
                0x08025bc4       0x74 Application\GeneratedCode\Core.o
                0x08025bc4                CoreRoot_Initialize
 .text.CoreRoot__Initialize
                0x08025c38       0x24 Application\GeneratedCode\Core.o
                0x08025c38                CoreRoot__Initialize
 .text.CoreRoot_DriveKeyboardHitting
                0x08025c5c      0x2b4 Application\GeneratedCode\Core.o
                0x08025c5c                CoreRoot_DriveKeyboardHitting
 .text.CoreRoot__DriveKeyboardHitting
                0x08025f10       0x2c Application\GeneratedCode\Core.o
                0x08025f10                CoreRoot__DriveKeyboardHitting
 .text.CoreRoot_DriveMultiTouchMovement
                0x08025f3c      0x41c Application\GeneratedCode\Core.o
                0x08025f3c                CoreRoot_DriveMultiTouchMovement
 .text.CoreRoot__DriveMultiTouchMovement
                0x08026358       0x26 Application\GeneratedCode\Core.o
                0x08026358                CoreRoot__DriveMultiTouchMovement
 *fill*         0x0802637e        0x2 
 .text.CoreRoot_DriveMultiTouchHitting
                0x08026380      0x8fc Application\GeneratedCode\Core.o
                0x08026380                CoreRoot_DriveMultiTouchHitting
 .text.CoreRoot__DriveMultiTouchHitting
                0x08026c7c       0x32 Application\GeneratedCode\Core.o
                0x08026c7c                CoreRoot__DriveMultiTouchHitting
 *fill*         0x08026cae        0x2 
 .text.CoreEvent__Init
                0x08026cb0       0x38 Application\GeneratedCode\Core.o
                0x08026cb0                CoreEvent__Init
 .text.CoreEvent__ReInit
                0x08026ce8       0x18 Application\GeneratedCode\Core.o
                0x08026ce8                CoreEvent__ReInit
 .text.CoreEvent__Done
                0x08026d00       0x24 Application\GeneratedCode\Core.o
                0x08026d00                CoreEvent__Done
 .text.CoreEvent_GetCurrentTime
                0x08026d24       0x1c Application\GeneratedCode\Core.o
                0x08026d24                CoreEvent_GetCurrentTime
 .text.CoreEvent_Init
                0x08026d40       0x1e Application\GeneratedCode\Core.o
                0x08026d40                CoreEvent_Init
 *fill*         0x08026d5e        0x2 
 .text.CoreKeyEvent__Init
                0x08026d60       0x30 Application\GeneratedCode\Core.o
                0x08026d60                CoreKeyEvent__Init
 .text.CoreKeyEvent__ReInit
                0x08026d90       0x18 Application\GeneratedCode\Core.o
                0x08026d90                CoreKeyEvent__ReInit
 .text.CoreKeyEvent__Done
                0x08026da8       0x24 Application\GeneratedCode\Core.o
                0x08026da8                CoreKeyEvent__Done
 .text.CoreKeyEvent_Initialize2
                0x08026dcc      0x130 Application\GeneratedCode\Core.o
                0x08026dcc                CoreKeyEvent_Initialize2
 .text.CoreKeyEvent_Initialize
                0x08026efc       0xfc Application\GeneratedCode\Core.o
                0x08026efc                CoreKeyEvent_Initialize
 .text.CoreKeyEvent_IsCode
                0x08026ff8      0x180 Application\GeneratedCode\Core.o
                0x08026ff8                CoreKeyEvent_IsCode
 .text.CoreCursorGrabEvent__Init
                0x08027178       0x30 Application\GeneratedCode\Core.o
                0x08027178                CoreCursorGrabEvent__Init
 .text.CoreCursorGrabEvent__ReInit
                0x080271a8       0x18 Application\GeneratedCode\Core.o
                0x080271a8                CoreCursorGrabEvent__ReInit
 .text.CoreCursorGrabEvent__Done
                0x080271c0       0x24 Application\GeneratedCode\Core.o
                0x080271c0                CoreCursorGrabEvent__Done
 .text.CoreCursorGrabEvent_InitializeUp
                0x080271e4       0x4e Application\GeneratedCode\Core.o
                0x080271e4                CoreCursorGrabEvent_InitializeUp
 .text.CoreCursorGrabEvent_InitializeDown
                0x08027232       0x4e Application\GeneratedCode\Core.o
                0x08027232                CoreCursorGrabEvent_InitializeDown
 .text.CoreCursorEvent__Init
                0x08027280       0x30 Application\GeneratedCode\Core.o
                0x08027280                CoreCursorEvent__Init
 .text.CoreCursorEvent__ReInit
                0x080272b0       0x18 Application\GeneratedCode\Core.o
                0x080272b0                CoreCursorEvent__ReInit
 .text.CoreCursorEvent__Done
                0x080272c8       0x24 Application\GeneratedCode\Core.o
                0x080272c8                CoreCursorEvent__Done
 .text.CoreCursorEvent_InitializeHold
                0x080272ec       0x9a Application\GeneratedCode\Core.o
                0x080272ec                CoreCursorEvent_InitializeHold
 .text.CoreCursorEvent_InitializeUp
                0x08027386       0xa4 Application\GeneratedCode\Core.o
                0x08027386                CoreCursorEvent_InitializeUp
 .text.CoreCursorEvent_InitializeDown
                0x0802742a       0xa4 Application\GeneratedCode\Core.o
                0x0802742a                CoreCursorEvent_InitializeDown
 *fill*         0x080274ce        0x2 
 .text.CoreDragEvent__Init
                0x080274d0       0x30 Application\GeneratedCode\Core.o
                0x080274d0                CoreDragEvent__Init
 .text.CoreDragEvent__ReInit
                0x08027500       0x18 Application\GeneratedCode\Core.o
                0x08027500                CoreDragEvent__ReInit
 .text.CoreDragEvent__Done
                0x08027518       0x24 Application\GeneratedCode\Core.o
                0x08027518                CoreDragEvent__Done
 .text.CoreDragEvent_Initialize
                0x0802753c       0xa2 Application\GeneratedCode\Core.o
                0x0802753c                CoreDragEvent_Initialize
 *fill*         0x080275de        0x2 
 .text.CoreOutline__Init
                0x080275e0       0x40 Application\GeneratedCode\Core.o
                0x080275e0                CoreOutline__Init
 .text.CoreOutline__ReInit
                0x08027620       0x18 Application\GeneratedCode\Core.o
                0x08027620                CoreOutline__ReInit
 .text.CoreOutline__Done
                0x08027638       0x24 Application\GeneratedCode\Core.o
                0x08027638                CoreOutline__Done
 .text.CoreOutline_Draw
                0x0802765c       0x22 Application\GeneratedCode\Core.o
                0x0802765c                CoreOutline_Draw
 *fill*         0x0802767e        0x2 
 .text.CoreOutline_OnSetBounds
                0x08027680      0x238 Application\GeneratedCode\Core.o
                0x08027680                CoreOutline_OnSetBounds
 .text.CoreKeyPressHandler__Init
                0x080278b8       0x48 Application\GeneratedCode\Core.o
                0x080278b8                CoreKeyPressHandler__Init
 .text.CoreKeyPressHandler__ReInit
                0x08027900       0x18 Application\GeneratedCode\Core.o
                0x08027900                CoreKeyPressHandler__ReInit
 .text.CoreKeyPressHandler__Done
                0x08027918       0x24 Application\GeneratedCode\Core.o
                0x08027918                CoreKeyPressHandler__Done
 .text.CoreKeyPressHandler_HandleEvent
                0x0802793c      0x11a Application\GeneratedCode\Core.o
                0x0802793c                CoreKeyPressHandler_HandleEvent
 *fill*         0x08027a56        0x2 
 .text.CoreKeyPressHandler_Init
                0x08027a58       0x4c Application\GeneratedCode\Core.o
                0x08027a58                CoreKeyPressHandler_Init
 .text.CoreCursorHit__Init
                0x08027aa4       0x30 Application\GeneratedCode\Core.o
                0x08027aa4                CoreCursorHit__Init
 .text.CoreCursorHit__ReInit
                0x08027ad4       0x18 Application\GeneratedCode\Core.o
                0x08027ad4                CoreCursorHit__ReInit
 .text.CoreCursorHit__Done
                0x08027aec       0x24 Application\GeneratedCode\Core.o
                0x08027aec                CoreCursorHit__Done
 .text.CoreModalContext__Init
                0x08027b10       0x30 Application\GeneratedCode\Core.o
                0x08027b10                CoreModalContext__Init
 .text.CoreModalContext__ReInit
                0x08027b40       0x18 Application\GeneratedCode\Core.o
                0x08027b40                CoreModalContext__ReInit
 .text.CoreModalContext__Done
                0x08027b58       0x24 Application\GeneratedCode\Core.o
                0x08027b58                CoreModalContext__Done
 .text.CoreLayoutContext__Init
                0x08027b7c       0x30 Application\GeneratedCode\Core.o
                0x08027b7c                CoreLayoutContext__Init
 .text.CoreLayoutContext__ReInit
                0x08027bac       0x18 Application\GeneratedCode\Core.o
                0x08027bac                CoreLayoutContext__ReInit
 .text.CoreLayoutContext__Done
                0x08027bc4       0x24 Application\GeneratedCode\Core.o
                0x08027bc4                CoreLayoutContext__Done
 .text.CoreDialogContext__Init
                0x08027be8       0x30 Application\GeneratedCode\Core.o
                0x08027be8                CoreDialogContext__Init
 .text.CoreDialogContext__ReInit
                0x08027c18       0x18 Application\GeneratedCode\Core.o
                0x08027c18                CoreDialogContext__ReInit
 .text.CoreDialogContext__Done
                0x08027c30       0x24 Application\GeneratedCode\Core.o
                0x08027c30                CoreDialogContext__Done
 .text.CoreTaskQueue__Init
                0x08027c54       0x30 Application\GeneratedCode\Core.o
                0x08027c54                CoreTaskQueue__Init
 .text.CoreTaskQueue__ReInit
                0x08027c84       0x18 Application\GeneratedCode\Core.o
                0x08027c84                CoreTaskQueue__ReInit
 .text.CoreTaskQueue__Done
                0x08027c9c       0x24 Application\GeneratedCode\Core.o
                0x08027c9c                CoreTaskQueue__Done
 .text.CoreTask__Init
                0x08027cc0       0x30 Application\GeneratedCode\Core.o
                0x08027cc0                CoreTask__Init
 .text.CoreTask__ReInit
                0x08027cf0       0x18 Application\GeneratedCode\Core.o
                0x08027cf0                CoreTask__ReInit
 .text.CoreTask__Done
                0x08027d08       0x24 Application\GeneratedCode\Core.o
                0x08027d08                CoreTask__Done
 .text.CoreResource__Init
                0x08027d2c       0x38 Application\GeneratedCode\Core.o
                0x08027d2c                CoreResource__Init
 .text.CoreResource__ReInit
                0x08027d64       0x18 Application\GeneratedCode\Core.o
                0x08027d64                CoreResource__ReInit
 .text.CoreResource__Done
                0x08027d7c       0x28 Application\GeneratedCode\Core.o
                0x08027d7c                CoreResource__Done
 .text.CoreResource_Done
                0x08027da4       0x24 Application\GeneratedCode\Core.o
                0x08027da4                CoreResource_Done
 .text.CoreResource_Init
                0x08027dc8       0x28 Application\GeneratedCode\Core.o
                0x08027dc8                CoreResource_Init
 .text.TimerProc
                0x08027df0       0x18 Application\GeneratedCode\Core.o
 .text.CoreTimer__Init
                0x08027e08       0x38 Application\GeneratedCode\Core.o
                0x08027e08                CoreTimer__Init
 .text.CoreTimer__ReInit
                0x08027e40       0x18 Application\GeneratedCode\Core.o
                0x08027e40                CoreTimer__ReInit
 .text.CoreTimer__Done
                0x08027e58       0x28 Application\GeneratedCode\Core.o
                0x08027e58                CoreTimer__Done
 .text.CoreTimer_Done
                0x08027e80       0x2a Application\GeneratedCode\Core.o
                0x08027e80                CoreTimer_Done
 *fill*         0x08027eaa        0x2 
 .text.CoreTimer_restart
                0x08027eac       0x74 Application\GeneratedCode\Core.o
                0x08027eac                CoreTimer_restart
 .text.CoreTimer_OnSetPeriod
                0x08027f20       0x46 Application\GeneratedCode\Core.o
                0x08027f20                CoreTimer_OnSetPeriod
 .text.CoreTimer_OnSetEnabled
                0x08027f66       0x58 Application\GeneratedCode\Core.o
                0x08027f66                CoreTimer_OnSetEnabled
 .text.CoreTimer_GetCurrentTime
                0x08027fbe       0x1c Application\GeneratedCode\Core.o
                0x08027fbe                CoreTimer_GetCurrentTime
 .text.CoreTimer_Trigger
                0x08027fda       0x3a Application\GeneratedCode\Core.o
                0x08027fda                CoreTimer_Trigger
 .text.CoreTimer__Trigger
                0x08028014       0x16 Application\GeneratedCode\Core.o
                0x08028014                CoreTimer__Trigger
 *fill*         0x0802802a        0x2 
 .text.GraphicsCanvas__Init
                0x0802802c       0x38 Application\GeneratedCode\Graphics.o
                0x0802802c                GraphicsCanvas__Init
 .text.GraphicsCanvas__ReInit
                0x08028064       0x18 Application\GeneratedCode\Graphics.o
                0x08028064                GraphicsCanvas__ReInit
 .text.GraphicsCanvas__Done
                0x0802807c       0x28 Application\GeneratedCode\Graphics.o
                0x0802807c                GraphicsCanvas__Done
 .text.GraphicsCanvas_Done
                0x080280a4       0x20 Application\GeneratedCode\Graphics.o
                0x080280a4                GraphicsCanvas_Done
 .text.GraphicsCanvas_Init
                0x080280c4       0x1e Application\GeneratedCode\Graphics.o
                0x080280c4                GraphicsCanvas_Init
 *fill*         0x080280e2        0x2 
 .text.GraphicsCanvas_OnSetFrameSize
                0x080280e4       0xbc Application\GeneratedCode\Graphics.o
                0x080280e4                GraphicsCanvas_OnSetFrameSize
 .text.GraphicsCanvas_Update
                0x080281a0       0xe4 Application\GeneratedCode\Graphics.o
                0x080281a0                GraphicsCanvas_Update
 .text.GraphicsCanvas_DetachBitmap
                0x08028284       0x60 Application\GeneratedCode\Graphics.o
                0x08028284                GraphicsCanvas_DetachBitmap
 .text.GraphicsCanvas__DetachBitmap
                0x080282e4       0x18 Application\GeneratedCode\Graphics.o
                0x080282e4                GraphicsCanvas__DetachBitmap
 .text.GraphicsCanvas_AttachBitmap
                0x080282fc       0xb4 Application\GeneratedCode\Graphics.o
                0x080282fc                GraphicsCanvas_AttachBitmap
 .text.GraphicsCanvas__AttachBitmap
                0x080283b0       0x1c Application\GeneratedCode\Graphics.o
                0x080283b0                GraphicsCanvas__AttachBitmap
 .text.GraphicsCanvas_DrawText
                0x080283cc      0x120 Application\GeneratedCode\Graphics.o
                0x080283cc                GraphicsCanvas_DrawText
 .text.GraphicsCanvas_StrokePath
                0x080284ec      0x14e Application\GeneratedCode\Graphics.o
                0x080284ec                GraphicsCanvas_StrokePath
 .text.GraphicsCanvas_CopyBitmap
                0x0802863a       0xb8 Application\GeneratedCode\Graphics.o
                0x0802863a                GraphicsCanvas_CopyBitmap
 .text.GraphicsCanvas_FillRectangle
                0x080286f2       0x84 Application\GeneratedCode\Graphics.o
                0x080286f2                GraphicsCanvas_FillRectangle
 *fill*         0x08028776        0x2 
 .text.GraphicsPath__Init
                0x08028778       0x30 Application\GeneratedCode\Graphics.o
                0x08028778                GraphicsPath__Init
 .text.GraphicsPath__ReInit
                0x080287a8       0x18 Application\GeneratedCode\Graphics.o
                0x080287a8                GraphicsPath__ReInit
 .text.GraphicsPath__Done
                0x080287c0       0x28 Application\GeneratedCode\Graphics.o
                0x080287c0                GraphicsPath__Done
 .text.GraphicsPath_onUpdate
                0x080287e8       0x1a Application\GeneratedCode\Graphics.o
                0x080287e8                GraphicsPath_onUpdate
 .text.GraphicsPath_Done
                0x08028802       0x2e Application\GeneratedCode\Graphics.o
                0x08028802                GraphicsPath_Done
 .text.GraphicsPath_AddArc
                0x08028830       0x80 Application\GeneratedCode\Graphics.o
                0x08028830                GraphicsPath_AddArc
 .text.GraphicsPath_Close
                0x080288b0       0x44 Application\GeneratedCode\Graphics.o
                0x080288b0                GraphicsPath_Close
 .text.GraphicsPath_Begin
                0x080288f4       0x54 Application\GeneratedCode\Graphics.o
                0x080288f4                GraphicsPath_Begin
 .text.GraphicsPath_InitSubPath
                0x08028948       0x68 Application\GeneratedCode\Graphics.o
                0x08028948                GraphicsPath_InitSubPath
 .text.GraphicsPath_GetMaxNoOfSubPaths
                0x080289b0       0x32 Application\GeneratedCode\Graphics.o
                0x080289b0                GraphicsPath_GetMaxNoOfSubPaths
 *fill*         0x080289e2        0x2 
 .text.GraphicsPath_SetMaxNoOfSubPaths
                0x080289e4       0x84 Application\GeneratedCode\Graphics.o
                0x080289e4                GraphicsPath_SetMaxNoOfSubPaths
 .text.GraphicsArcPath__Init
                0x08028a68       0x40 Application\GeneratedCode\Graphics.o
                0x08028a68                GraphicsArcPath__Init
 .text.GraphicsArcPath__ReInit
                0x08028aa8       0x18 Application\GeneratedCode\Graphics.o
                0x08028aa8                GraphicsArcPath__ReInit
 .text.GraphicsArcPath__Done
                0x08028ac0       0x24 Application\GeneratedCode\Graphics.o
                0x08028ac0                GraphicsArcPath__Done
 .text.GraphicsArcPath_updatePath
                0x08028ae4     0x18b4 Application\GeneratedCode\Graphics.o
                0x08028ae4                GraphicsArcPath_updatePath
 .text.GraphicsArcPath_OnSetEndAngle
                0x0802a398       0x70 Application\GeneratedCode\Graphics.o
                0x0802a398                GraphicsArcPath_OnSetEndAngle
 .text.GraphicsArcPath_OnSetRadius
                0x0802a408       0x80 Application\GeneratedCode\Graphics.o
                0x0802a408                GraphicsArcPath_OnSetRadius
 .text.GraphicsArcPath_OnSetStyle
                0x0802a488       0x7c Application\GeneratedCode\Graphics.o
                0x0802a488                GraphicsArcPath_OnSetStyle
 .text.ResourcesBitmap__Init
                0x0802a504       0x40 Application\GeneratedCode\Resources.o
                0x0802a504                ResourcesBitmap__Init
 .text.ResourcesBitmap__ReInit
                0x0802a544       0x18 Application\GeneratedCode\Resources.o
                0x0802a544                ResourcesBitmap__ReInit
 .text.ResourcesBitmap__Done
                0x0802a55c       0x28 Application\GeneratedCode\Resources.o
                0x0802a55c                ResourcesBitmap__Done
 .text.ResourcesBitmap_Done
                0x0802a584       0x4e Application\GeneratedCode\Resources.o
                0x0802a584                ResourcesBitmap_Done
 .text.ResourcesBitmap_Init
                0x0802a5d2       0xa6 Application\GeneratedCode\Resources.o
                0x0802a5d2                ResourcesBitmap_Init
 .text.ResourcesBitmap_OnSetFrameSize
                0x0802a678       0x28 Application\GeneratedCode\Resources.o
                0x0802a678                ResourcesBitmap_OnSetFrameSize
 .text.ResourcesBitmap__OnSetFrameSize
                0x0802a6a0       0x24 Application\GeneratedCode\Resources.o
                0x0802a6a0                ResourcesBitmap__OnSetFrameSize
 .text.ResourcesBitmap_Update
                0x0802a6c4       0x14 Application\GeneratedCode\Resources.o
                0x0802a6c4                ResourcesBitmap_Update
 .text.ResourcesBitmap__Update
                0x0802a6d8       0x1a Application\GeneratedCode\Resources.o
                0x0802a6d8                ResourcesBitmap__Update
 *fill*         0x0802a6f2        0x2 
 .text.ResourcesFont__Init
                0x0802a6f4       0x38 Application\GeneratedCode\Resources.o
                0x0802a6f4                ResourcesFont__Init
 .text.ResourcesFont__ReInit
                0x0802a72c       0x18 Application\GeneratedCode\Resources.o
                0x0802a72c                ResourcesFont__ReInit
 .text.ResourcesFont__Done
                0x0802a744       0x28 Application\GeneratedCode\Resources.o
                0x0802a744                ResourcesFont__Done
 .text.ResourcesFont_Done
                0x0802a76c       0x40 Application\GeneratedCode\Resources.o
                0x0802a76c                ResourcesFont_Done
 .text.ResourcesFont_Init
                0x0802a7ac       0x68 Application\GeneratedCode\Resources.o
                0x0802a7ac                ResourcesFont_Init
 .text.ResourcesFont_GetFlowTextAdvance
                0x0802a814       0x36 Application\GeneratedCode\Resources.o
                0x0802a814                ResourcesFont_GetFlowTextAdvance
 .text.ResourcesFont_ParseFlowString
                0x0802a84a       0x64 Application\GeneratedCode\Resources.o
                0x0802a84a                ResourcesFont_ParseFlowString
 .text.ResourcesFont_GetTextAdvance
                0x0802a8ae       0x60 Application\GeneratedCode\Resources.o
                0x0802a8ae                ResourcesFont_GetTextAdvance
 *fill*         0x0802a90e        0x2 
 .text.ViewsRectangle__Init
                0x0802a910       0x54 Application\GeneratedCode\Views.o
                0x0802a910                ViewsRectangle__Init
 .text.ViewsRectangle__ReInit
                0x0802a964       0x18 Application\GeneratedCode\Views.o
                0x0802a964                ViewsRectangle__ReInit
 .text.ViewsRectangle__Done
                0x0802a97c       0x24 Application\GeneratedCode\Views.o
                0x0802a97c                ViewsRectangle__Done
 .text.ViewsRectangle_Draw
                0x0802a9a0      0x156 Application\GeneratedCode\Views.o
                0x0802a9a0                ViewsRectangle_Draw
 .text.ViewsRectangle_OnSetColor
                0x0802aaf6       0x92 Application\GeneratedCode\Views.o
                0x0802aaf6                ViewsRectangle_OnSetColor
 .text.ViewsText__Init
                0x0802ab88       0x6c Application\GeneratedCode\Views.o
                0x0802ab88                ViewsText__Init
 .text.ViewsText__ReInit
                0x0802abf4       0x18 Application\GeneratedCode\Views.o
                0x0802abf4                ViewsText__ReInit
 .text.ViewsText__Done
                0x0802ac0c       0x28 Application\GeneratedCode\Views.o
                0x0802ac0c                ViewsText__Done
 .text.ViewsText_Draw
                0x0802ac34      0x64c Application\GeneratedCode\Views.o
                0x0802ac34                ViewsText_Draw
 .text.ViewsText_OnSetBounds
                0x0802b280      0x1bc Application\GeneratedCode\Views.o
                0x0802b280                ViewsText_OnSetBounds
 .text.ViewsText_Done
                0x0802b43c       0x2a Application\GeneratedCode\Views.o
                0x0802b43c                ViewsText_Done
 .text.ViewsText_freeBidi
                0x0802b466       0x20 Application\GeneratedCode\Views.o
                0x0802b466                ViewsText_freeBidi
 .text.ViewsText_createBidi
                0x0802b486       0x20 Application\GeneratedCode\Views.o
                0x0802b486                ViewsText_createBidi
 .text.ViewsText_preOnUpdateSlot
                0x0802b4a6       0x20 Application\GeneratedCode\Views.o
                0x0802b4a6                ViewsText_preOnUpdateSlot
 *fill*         0x0802b4c6        0x2 
 .text.ViewsText_preReparseSlot
                0x0802b4c8       0x34 Application\GeneratedCode\Views.o
                0x0802b4c8                ViewsText_preReparseSlot
 .text.ViewsText_reparseSlot
                0x0802b4fc      0xb58 Application\GeneratedCode\Views.o
                0x0802b4fc                ViewsText_reparseSlot
 .text.ViewsText_OnSetString
                0x0802c054       0x60 Application\GeneratedCode\Views.o
                0x0802c054                ViewsText_OnSetString
 .text.ViewsText_OnSetFont
                0x0802c0b4       0x54 Application\GeneratedCode\Views.o
                0x0802c0b4                ViewsText_OnSetFont
 .text.ViewsText_IsBaseDirectionRTL
                0x0802c108       0x5c Application\GeneratedCode\Views.o
                0x0802c108                ViewsText_IsBaseDirectionRTL
 .text.ViewsText_IsBidiText
                0x0802c164       0x5c Application\GeneratedCode\Views.o
                0x0802c164                ViewsText_IsBidiText
 .text.ViewsText_GetContentArea
                0x0802c1c0      0x5d4 Application\GeneratedCode\Views.o
                0x0802c1c0                ViewsText_GetContentArea
 .text.ViewsStrokePath__Init
                0x0802c794       0x80 Application\GeneratedCode\Views.o
                0x0802c794                ViewsStrokePath__Init
 .text.ViewsStrokePath__ReInit
                0x0802c814       0x18 Application\GeneratedCode\Views.o
                0x0802c814                ViewsStrokePath__ReInit
 .text.ViewsStrokePath__Done
                0x0802c82c       0x28 Application\GeneratedCode\Views.o
                0x0802c82c                ViewsStrokePath__Done
 .text.ViewsStrokePath_Draw
                0x0802c854      0x1e4 Application\GeneratedCode\Views.o
                0x0802c854                ViewsStrokePath_Draw
 .text.ViewsStrokePath_OnSetBounds
                0x0802ca38       0x94 Application\GeneratedCode\Views.o
                0x0802ca38                ViewsStrokePath_OnSetBounds
 .text.ViewsStrokePath_Done
                0x0802cacc       0x16 Application\GeneratedCode\Views.o
                0x0802cacc                ViewsStrokePath_Done
 .text.ViewsStrokePath_destroyBuffer
                0x0802cae2       0x2e Application\GeneratedCode\Views.o
                0x0802cae2                ViewsStrokePath_destroyBuffer
 .text.ViewsStrokePath_updateBuffer
                0x0802cb10      0x13a Application\GeneratedCode\Views.o
                0x0802cb10                ViewsStrokePath_updateBuffer
 *fill*         0x0802cc4a        0x2 
 .text.ViewsStrokePath_updatePath
                0x0802cc4c       0x64 Application\GeneratedCode\Views.o
                0x0802cc4c                ViewsStrokePath_updatePath
 .text.ViewsStrokePath_OnSetOffset
                0x0802ccb0       0x94 Application\GeneratedCode\Views.o
                0x0802ccb0                ViewsStrokePath_OnSetOffset
 .text.ViewsStrokePath_OnSetMiterLimit
                0x0802cd44       0x9c Application\GeneratedCode\Views.o
                0x0802cd44                ViewsStrokePath_OnSetMiterLimit
 .text.ViewsStrokePath_OnSetWidth
                0x0802cde0       0x9c Application\GeneratedCode\Views.o
                0x0802cde0                ViewsStrokePath_OnSetWidth
 .text.ViewsStrokePath_OnSetPath
                0x0802ce7c       0xc4 Application\GeneratedCode\Views.o
                0x0802ce7c                ViewsStrokePath_OnSetPath
 .text.HardButtonIsrCallback
                0x0802cf40       0x14 Application\Source\DeviceDriver.o
                0x0802cf40                HardButtonIsrCallback
 .text.DeviceDriver_Initialize
                0x0802cf54       0x18 Application\Source\DeviceDriver.o
                0x0802cf54                DeviceDriver_Initialize
 .text.DeviceDriver_Deinitialize
                0x0802cf6c        0xe Application\Source\DeviceDriver.o
                0x0802cf6c                DeviceDriver_Deinitialize
 .text.DeviceDriver_ProcessData
                0x0802cf7a       0x18 Application\Source\DeviceDriver.o
                0x0802cf7a                DeviceDriver_ProcessData
 *fill*         0x0802cf92        0x2 
 .text.EwInit   0x0802cf94      0x194 Application\Source\ewmain.o
                0x0802cf94                EwInit
 .text.EwDone   0x0802d128       0x60 Application\Source\ewmain.o
                0x0802d128                EwDone
 .text.EwProcess
                0x0802d188      0x19c Application\Source\ewmain.o
                0x0802d188                EwProcess
 .text.EwUpdate
                0x0802d324      0x124 Application\Source\ewmain.o
 .text.EwGetKeyCommand
                0x0802d448       0x10 Application\Source\ewmain.o
 .text.EwPrintSystemInfo
                0x0802d458      0x1a4 Application\Source\ewmain.o
                0x0802d458                EwPrintSystemInfo
 .text.main     0x0802d5fc       0x60 Application\Source\main.o
                0x0802d5fc                main
 .text.GuiThread
                0x0802d65c       0x30 Application\Source\main.o
 .text.TrackMemoryUsage
                0x0802d68c       0x64 PlatformPackage\RGB565\ewextgfx.o
 .text.GfxInitGfx
                0x0802d6f0       0x98 PlatformPackage\RGB565\ewextgfx.o
                0x0802d6f0                GfxInitGfx
 .text.GfxInitViewport
                0x0802d788      0x22c PlatformPackage\RGB565\ewextgfx.o
                0x0802d788                GfxInitViewport
 .text.GfxDoneViewport
                0x0802d9b4       0x70 PlatformPackage\RGB565\ewextgfx.o
                0x0802d9b4                GfxDoneViewport
 .text.GfxBeginUpdate
                0x0802da24       0x20 PlatformPackage\RGB565\ewextgfx.o
                0x0802da24                GfxBeginUpdate
 .text.GfxBeginUpdateArea
                0x0802da44       0x48 PlatformPackage\RGB565\ewextgfx.o
                0x0802da44                GfxBeginUpdateArea
 .text.GfxEndUpdate
                0x0802da8c       0x6c PlatformPackage\RGB565\ewextgfx.o
                0x0802da8c                GfxEndUpdate
 .text.GfxCreateSurface
                0x0802daf8      0x100 PlatformPackage\RGB565\ewextgfx.o
                0x0802daf8                GfxCreateSurface
 .text.GfxCreateConstSurface
                0x0802dbf8       0xd8 PlatformPackage\RGB565\ewextgfx.o
                0x0802dbf8                GfxCreateConstSurface
 .text.GfxDestroySurface
                0x0802dcd0       0x54 PlatformPackage\RGB565\ewextgfx.o
                0x0802dcd0                GfxDestroySurface
 .text.GfxLockSurface
                0x0802dd24       0x94 PlatformPackage\RGB565\ewextgfx.o
                0x0802dd24                GfxLockSurface
 .text.GfxUnlockSurface
                0x0802ddb8       0x1a PlatformPackage\RGB565\ewextgfx.o
                0x0802ddb8                GfxUnlockSurface
 *fill*         0x0802ddd2        0x2 
 .text.GfxFlushGraphics
                0x0802ddd4       0x20 PlatformPackage\RGB565\ewextgfx.o
 .text.GfxSelectSurfaces
                0x0802ddf4       0x2c PlatformPackage\RGB565\ewextgfx.o
 .text.GfxFillDriver
                0x0802de20      0x1d8 PlatformPackage\RGB565\ewextgfx.o
                0x0802de20                GfxFillDriver
 .text.GfxCopyDriver
                0x0802dff8      0x398 PlatformPackage\RGB565\ewextgfx.o
                0x0802dff8                GfxCopyDriver
 .text.GfxBlendDriver
                0x0802e390      0x374 PlatformPackage\RGB565\ewextgfx.o
                0x0802e390                GfxBlendDriver
 .text.EwAlloc  0x0802e704       0x1a PlatformPackage\RTE\ewextrte.o
                0x0802e704                EwAlloc
 .text.EwFree   0x0802e71e       0x16 PlatformPackage\RTE\ewextrte.o
                0x0802e71e                EwFree
 .text.EwPanic  0x0802e734       0x10 PlatformPackage\RTE\ewextrte.o
                0x0802e734                EwPanic
 .text.EwConsoleOutput
                0x0802e744       0x36 PlatformPackage\RTE\ewextrte.o
                0x0802e744                EwConsoleOutput
 .text.EwGetTicks
                0x0802e77a        0xe PlatformPackage\RTE\ewextrte.o
                0x0802e77a                EwGetTicks
 .text.EwGetTime
                0x0802e788        0xe PlatformPackage\RTE\ewextrte.o
                0x0802e788                EwGetTime
 .text.EwZero   0x0802e796       0x1e PlatformPackage\RTE\ewextrte.o
                0x0802e796                EwZero
 .text.EwFill   0x0802e7b4       0x22 PlatformPackage\RTE\ewextrte.o
                0x0802e7b4                EwFill
 .text.EwMove   0x0802e7d6       0x20 PlatformPackage\RTE\ewextrte.o
                0x0802e7d6                EwMove
 .text.EwCopy   0x0802e7f6       0x20 PlatformPackage\RTE\ewextrte.o
                0x0802e7f6                EwCopy
 *fill*         0x0802e816        0x2 
 .text.EwMathSin
                0x0802e818       0x34 PlatformPackage\RTE\ewextrte.o
                0x0802e818                EwMathSin
 .text.EwMathCos
                0x0802e84c       0x34 PlatformPackage\RTE\ewextrte.o
                0x0802e84c                EwMathCos
 .text.EwMathArcCos
                0x0802e880       0x30 PlatformPackage\RTE\ewextrte.o
                0x0802e880                EwMathArcCos
 .text.EwMathSqrt
                0x0802e8b0       0x20 PlatformPackage\RTE\ewextrte.o
                0x0802e8b0                EwMathSqrt
 .text.EwMathPow
                0x0802e8d0       0x28 PlatformPackage\RTE\ewextrte.o
                0x0802e8d0                EwMathPow
 .text.EwMathRandInt32
                0x0802e8f8       0x58 PlatformPackage\RTE\ewextrte.o
                0x0802e8f8                EwMathRandInt32
 .text.EwMathCeil
                0x0802e950       0x20 PlatformPackage\RTE\ewextrte.o
                0x0802e950                EwMathCeil
 .text.CycleCounterInit
                0x0802e970       0x70 TargetSpecific\ew_bsp_clock.o
 .text.GetCycleCounterDelta
                0x0802e9e0       0x34 TargetSpecific\ew_bsp_clock.o
 .text.HAL_RTC_MspInit
                0x0802ea14       0x58 TargetSpecific\ew_bsp_clock.o
                0x0802ea14                HAL_RTC_MspInit
 .text.EwBspClockInit
                0x0802ea6c       0x64 TargetSpecific\ew_bsp_clock.o
                0x0802ea6c                EwBspClockInit
 .text.EwBspClockTickIncrement
                0x0802ead0       0x1c TargetSpecific\ew_bsp_clock.o
                0x0802ead0                EwBspClockTickIncrement
 .text.EwBspClockGetTicks
                0x0802eaec       0x18 TargetSpecific\ew_bsp_clock.o
                0x0802eaec                EwBspClockGetTicks