Archive member included to satisfy reference by file (symbol)

c:/stm32/stm32f429-discovery/thirdparty/gcc-arm-none-eabi/bin/../lib/gcc/arm-none-eabi/8.3.1/../../../../arm-none-eabi/lib/thumb/v7e-m+fp/hard\libc.a(lib_a-exit.o)
                              c:/stm32/stm32f429-discovery/thirdparty/gcc-arm-none-eabi/bin/../lib/gcc/arm-none-eabi/8.3.1/../../../../arm-none-eabi/lib/thumb/v7e-m+fp/hard/crt0.o (exit)
c:/stm32/stm32f429-discovery/thirdparty/gcc-arm-none-eabi/bin/../lib/gcc/arm-none-eabi/8.3.1/../../../../arm-none-eabi/lib/thumb/v7e-m+fp/hard\libc.a(lib_a-impure.o)
                              c:/stm32/stm32f429-discovery/thirdparty/gcc-arm-none-eabi/bin/../lib/gcc/arm-none-eabi/8.3.1/../../../../arm-none-eabi/lib/thumb/v7e-m+fp/hard\libc.a(lib_a-exit.o) (_global_impure_ptr)
c:/stm32/stm32f429-discovery/thirdparty/gcc-arm-none-eabi/bin/../lib/gcc/arm-none-eabi/8.3.1/../../../../arm-none-eabi/lib/thumb/v7e-m+fp/hard\libc.a(lib_a-init.o)
                              c:/stm32/stm32f429-discovery/thirdparty/gcc-arm-none-eabi/bin/../lib/gcc/arm-none-eabi/8.3.1/../../../../arm-none-eabi/lib/thumb/v7e-m+fp/hard/crt0.o (__libc_init_array)
c:/stm32/stm32f429-discovery/thirdparty/gcc-arm-none-eabi/bin/../lib/gcc/arm-none-eabi/8.3.1/../../../../arm-none-eabi/lib/thumb/v7e-m+fp/hard\libc.a(lib_a-memcpy.o)
                              ./Obj/ewextrte.o (memcpy)
c:/stm32/stm32f429-discovery/thirdparty/gcc-arm-none-eabi/bin/../lib/gcc/arm-none-eabi/8.3.1/../../../../arm-none-eabi/lib/thumb/v7e-m+fp/hard\libc.a(lib_a-memmove.o)
                              ./Obj/ewextrte.o (memmove)
c:/stm32/stm32f429-discovery/thirdparty/gcc-arm-none-eabi/bin/../lib/gcc/arm-none-eabi/8.3.1/../../../../arm-none-eabi/lib/thumb/v7e-m+fp/hard\libc.a(lib_a-memset.o)
                              c:/stm32/stm32f429-discovery/thirdparty/gcc-arm-none-eabi/bin/../lib/gcc/arm-none-eabi/8.3.1/../../../../arm-none-eabi/lib/thumb/v7e-m+fp/hard/crt0.o (memset)
c:/stm32/stm32f429-discovery/thirdparty/gcc-arm-none-eabi/bin/../lib/gcc/arm-none-eabi/8.3.1/../../../../arm-none-eabi/lib/thumb/v7e-m+fp/hard\libc.a(lib_a-rand.o)
                              ./Obj/ewextrte.o (srand)
c:/stm32/stm32f429-discovery/thirdparty/gcc-arm-none-eabi/bin/../lib/gcc/arm-none-eabi/8.3.1/../../../../arm-none-eabi/lib/thumb/v7e-m+fp/hard\libc.a(lib_a-setjmp.o)
                              ./Obj/ewextrte.o (setjmp)
c:/stm32/stm32f429-discovery/thirdparty/gcc-arm-none-eabi/bin/../lib/gcc/arm-none-eabi/8.3.1/../../../../arm-none-eabi/lib/thumb/v7e-m+fp/hard\libc.a(lib_a-strcat.o)
                              ./Obj/ewextrte.o (strcat)
c:/stm32/stm32f429-discovery/thirdparty/gcc-arm-none-eabi/bin/../lib/gcc/arm-none-eabi/8.3.1/../../../../arm-none-eabi/lib/thumb/v7e-m+fp/hard\libc.a(lib_a-strcmp.o)
                              ./Obj/ewextrte.o (strcmp)
c:/stm32/stm32f429-discovery/thirdparty/gcc-arm-none-eabi/bin/../lib/gcc/arm-none-eabi/8.3.1/../../../../arm-none-eabi/lib/thumb/v7e-m+fp/hard\libc.a(lib_a-strcpy.o)
                              ./Obj/ewextrte.o (strcpy)
c:/stm32/stm32f429-discovery/thirdparty/gcc-arm-none-eabi/bin/../lib/gcc/arm-none-eabi/8.3.1/../../../../arm-none-eabi/lib/thumb/v7e-m+fp/hard\libc.a(lib_a-strlen.o)
                              ./Obj/ewextrte.o (strlen)
c:/stm32/stm32f429-discovery/thirdparty/gcc-arm-none-eabi/bin/../lib/gcc/arm-none-eabi/8.3.1/../../../../arm-none-eabi/lib/thumb/v7e-m+fp/hard\libc.a(lib_a-__call_atexit.o)
                              c:/stm32/stm32f429-discovery/thirdparty/gcc-arm-none-eabi/bin/../lib/gcc/arm-none-eabi/8.3.1/../../../../arm-none-eabi/lib/thumb/v7e-m+fp/hard\libc.a(lib_a-exit.o) (__call_exitprocs)
c:/stm32/stm32f429-discovery/thirdparty/gcc-arm-none-eabi/bin/../lib/gcc/arm-none-eabi/8.3.1/../../../../arm-none-eabi/lib/thumb/v7e-m+fp/hard\libc.a(lib_a-atexit.o)
                              c:/stm32/stm32f429-discovery/thirdparty/gcc-arm-none-eabi/bin/../lib/gcc/arm-none-eabi/8.3.1/../../../../arm-none-eabi/lib/thumb/v7e-m+fp/hard\libc.a(lib_a-__call_atexit.o) (atexit)
c:/stm32/stm32f429-discovery/thirdparty/gcc-arm-none-eabi/bin/../lib/gcc/arm-none-eabi/8.3.1/../../../../arm-none-eabi/lib/thumb/v7e-m+fp/hard\libc.a(lib_a-fini.o)
                              c:/stm32/stm32f429-discovery/thirdparty/gcc-arm-none-eabi/bin/../lib/gcc/arm-none-eabi/8.3.1/../../../../arm-none-eabi/lib/thumb/v7e-m+fp/hard\libc.a(lib_a-__call_atexit.o) (__libc_fini_array)
c:/stm32/stm32f429-discovery/thirdparty/gcc-arm-none-eabi/bin/../lib/gcc/arm-none-eabi/8.3.1/../../../../arm-none-eabi/lib/thumb/v7e-m+fp/hard\libc.a(lib_a-lock.o)
                              c:/stm32/stm32f429-discovery/thirdparty/gcc-arm-none-eabi/bin/../lib/gcc/arm-none-eabi/8.3.1/../../../../arm-none-eabi/lib/thumb/v7e-m+fp/hard\libc.a(lib_a-__call_atexit.o) (__retarget_lock_acquire_recursive)
[...]
Memory Configuration

Name             Origin             Length             Attributes
FLASH            0x08000000         0x00200000         xr
RAM              0x20000000         0x00030000         xrw
CCMRAM           0x10000000         0x00010000         rw
*default*        0x00000000         0xffffffff

Linker script and memory map

LOAD c:/stm32/stm32f429-discovery/thirdparty/gcc-arm-none-eabi/bin/../lib/gcc/arm-none-eabi/8.3.1/thumb/v7e-m+fp/hard/crti.o
LOAD c:/stm32/stm32f429-discovery/thirdparty/gcc-arm-none-eabi/bin/../lib/gcc/arm-none-eabi/8.3.1/thumb/v7e-m+fp/hard/crtbegin.o
LOAD c:/stm32/stm32f429-discovery/thirdparty/gcc-arm-none-eabi/bin/../lib/gcc/arm-none-eabi/8.3.1/../../../../arm-none-eabi/lib/thumb/v7e-m+fp/hard/crt0.o
LOAD C:\Users\MAHMMAD\AppData\Local\Temp\ccpITMG2.o
LOAD ./Obj/main.o
LOAD ./Obj/ewmain.o
LOAD ./Obj/DeviceDriver.o
LOAD ./Obj/Core.o
LOAD ./Obj/Effects.o
LOAD ./Obj/Graphics.o
LOAD ./Obj/Resources.o
LOAD ./Obj/Views.o
LOAD ./Obj/Application.o
LOAD ./Obj/ewextrte.o
LOAD ./Obj/ewextgfx.o
LOAD ./Obj/ew_bsp_system.o
LOAD ./Obj/ew_bsp_clock.o
LOAD ./Obj/ew_bsp_event.o
LOAD ./Obj/ew_bsp_display.o
LOAD ./Obj/ew_bsp_touch.o
LOAD ./Obj/ew_bsp_console.o
LOAD ./Obj/ew_bsp_inout.o
LOAD ./Obj/ew_bsp_graphics.o
LOAD ./Obj/stm32f4xx_it.o
LOAD ./Obj/system_stm32f4xx.o
LOAD ./Obj/stm32f4xx_hal.o
LOAD ./Obj/stm32f4xx_hal_rcc.o
LOAD ./Obj/stm32f4xx_hal_rcc_ex.o
LOAD ./Obj/stm32f4xx_hal_cortex.o
LOAD ./Obj/stm32f4xx_hal_gpio.o
LOAD ./Obj/stm32f4xx_hal_sdram.o
LOAD ./Obj/stm32f4xx_hal_dma.o
LOAD ./Obj/stm32f4xx_hal_ltdc.o
LOAD ./Obj/stm32f4xx_hal_dma2d.o
LOAD ./Obj/stm32f4xx_hal_i2c.o
LOAD ./Obj/stm32f4xx_hal_spi.o
LOAD ./Obj/stm32f4xx_ll_fmc.o
LOAD ./Obj/stm32f4xx_hal_uart.o
LOAD ./Obj/stm32f4xx_hal_pwr_ex.o
LOAD ./Obj/stm32f4xx_hal_rtc.o
LOAD ./Obj/stm32f4xx_hal_rtc_ex.o
LOAD ./Obj/ili9341.o
LOAD ./Obj/stmpe811.o
LOAD ./Obj/stm32f429i_discovery.o
LOAD ./Obj/stm32f429i_discovery_io.o
LOAD ./Obj/stm32f429i_discovery_sdram.o
LOAD ./Obj/stm32f429i_discovery_ts.o
LOAD ./Obj/list.o
LOAD ./Obj/queue.o
LOAD ./Obj/tasks.o
LOAD ./Obj/timers.o
LOAD ./Obj/cmsis_os.o
LOAD ./Obj/heap_4.o
LOAD ./Obj/port.o
LOAD c:/stm32/stm32f429-discovery/thirdparty/gcc-arm-none-eabi/bin/../lib/gcc/arm-none-eabi/8.3.1/../../../../arm-none-eabi/lib/thumb/v7e-m+fp/hard\libc.a
LOAD c:/stm32/stm32f429-discovery/thirdparty/gcc-arm-none-eabi/bin/../lib/gcc/arm-none-eabi/8.3.1/../../../../arm-none-eabi/lib/thumb/v7e-m+fp/hard\libnosys.a
LOAD c:/stm32/stm32f429-discovery/thirdparty/gcc-arm-none-eabi/bin/../lib/gcc/arm-none-eabi/8.3.1/../../../../arm-none-eabi/lib/thumb/v7e-m+fp/hard\libm.a
LOAD ../../../PlatformPackage/RTE\libewrte-m4-gcc.a
LOAD ../../../PlatformPackage/RGB565\libewgfx-m4-gcc.a
START GROUP
LOAD c:/stm32/stm32f429-discovery/thirdparty/gcc-arm-none-eabi/bin/../lib/gcc/arm-none-eabi/8.3.1/thumb/v7e-m+fp/hard\libgcc.a
LOAD c:/stm32/stm32f429-discovery/thirdparty/gcc-arm-none-eabi/bin/../lib/gcc/arm-none-eabi/8.3.1/../../../../arm-none-eabi/lib/thumb/v7e-m+fp/hard\libc.a
END GROUP
LOAD c:/stm32/stm32f429-discovery/thirdparty/gcc-arm-none-eabi/bin/../lib/gcc/arm-none-eabi/8.3.1/thumb/v7e-m+fp/hard/crtend.o
LOAD c:/stm32/stm32f429-discovery/thirdparty/gcc-arm-none-eabi/bin/../lib/gcc/arm-none-eabi/8.3.1/thumb/v7e-m+fp/hard/crtn.o
                0x2002fff0                _estack = 0x2002fff0
                0x00000200                _Min_Heap_Size = 0x200
                0x00002000                _Min_Stack_Size = 0x2000

.isr_vector     0x08000000      0x1ac
                0x08000000                . = ALIGN (0x4)
 *(.isr_vector)
 .isr_vector    0x08000000      0x1ac C:\Users\MAHMMAD\AppData\Local\Temp\ccpITMG2.o
                0x08000000                g_pfnVectors
                0x080001ac                . = ALIGN (0x4)

.text           0x080001c0    0x3d1bc
                0x080001c0                . = ALIGN (0x4)
 *(.text)
 .text          0x080001c0       0x40 c:/stm32/stm32f429-discovery/thirdparty/gcc-arm-none-eabi/bin/../lib/gcc/arm-none-eabi/8.3.1/thumb/v7e-m+fp/hard/crtbegin.o
 .text          0x08000200       0x20 ./Obj/main.o
 .text          0x08000220      0x4e0 ./Obj/ewmain.o
                0x08000220                EwInit
                0x08000368                EwDone
                0x080003c0                EwProcess
                0x0800056c                EwPrintSystemInfo
 .text          0x08000700       0x68 ./Obj/DeviceDriver.o
                0x08000700                HardButtonIsrCallback
                0x08000704                DeviceDriver_Initialize
                0x08000718                DeviceDriver_Deinitialize
                0x0800071c                DeviceDriver_ProcessData
                0x08000720                DeviceDriver_SetLedStatus
                0x0800072c                DeviceDriver_PrintMessage
                0x08000764                DeviceDriver_SetTime
 .text          0x08000768     0x46f8 ./Obj/Core.o
                0x08000768                CoreView_initLayoutContext
                0x08000774                CoreView_Draw
                0x08000780                CoreView_CursorHitTest
                0x08000790                CoreView_ArrangeView
                0x080007ac                CoreView_MoveView
                0x080007b8                CoreView_GetExtent
                0x080007c4                CoreRectView_GetExtent
                0x080007d8                CoreView__Init
                0x080007f8                CoreRectView__Init
                0x08000818                CoreOutline__Init
                0x0800083c                CoreCursorHit__Init
                0x08000850                CoreModalContext__Init
                0x08000864                CoreLayoutContext__Init
                0x08000878                CoreDialogContext__Init
                0x0800088c                CoreTaskQueue__Init
                0x080008a0                CoreTask__Init
                0x080008b4                CoreTimer__Init
                0x080008d0                CoreView__ReInit
                0x080008d4                CoreRectView__ReInit
                0x080008d8                CoreGroup__ReInit
                0x080008dc                CoreOutline__ReInit
                0x080008e0                CoreEvent__ReInit
                0x080008e4                CoreKeyEvent__ReInit
                0x080008e8                CoreCursorGrabEvent__ReInit
                0x080008ec                CoreCursorEvent__ReInit
                0x080008f0                CoreDragEvent__ReInit
                0x080008f4                CoreKeyPressHandler__ReInit
                0x080008f8                CoreCursorHit__ReInit
                0x080008fc                CoreModalContext__ReInit
                0x08000900                CoreLayoutContext__ReInit
                0x08000904                CoreDialogContext__ReInit
                0x08000908                CoreTaskQueue__ReInit
                0x0800090c                CoreTask__ReInit
                0x08000910                CoreResource__ReInit
                0x08000914                CoreTimer__ReInit
                0x08000918                CoreRoot__ReInit
                0x0800092c                CoreView__Done
                0x08000938                CoreRectView__Done
                0x08000944                CoreGroup__Done
                0x08000950                CoreOutline__Done
                0x0800095c                CoreEvent__Done
                0x08000968                CoreKeyEvent__Done
                0x08000974                CoreCursorGrabEvent__Done
                0x08000980                CoreCursorEvent__Done
                0x0800098c                CoreDragEvent__Done
                0x08000998                CoreKeyPressHandler__Done
                0x080009a4                CoreCursorHit__Done
                0x080009b0                CoreModalContext__Done
                0x080009bc                CoreLayoutContext__Done
                0x080009c8                CoreDialogContext__Done
                0x080009d4                CoreTaskQueue__Done
                0x080009e0                CoreTask__Done
                0x080009ec                CoreRectView_initLayoutContext
                0x08000a34                CoreRectView_ArrangeView
                0x08000dac                CoreRectView_MoveView
                0x08000e18                CoreRectView_OnSetBounds
                0x08000f24                CoreGroup_CursorHitTest
                0x08001144                CoreGroup_OnSetBounds
                0x08001270                CoreGroup_OnSetFocus
                0x080012e0                CoreRoot_OnSetFocus
                0x080012f4                CoreOutline_OnSetBounds
                0x080014c4                CoreGroup_InvalidateArea
                0x080015f0                CoreEvent__Init
                0x0800160c                CoreKeyEvent__Init
                0x08001634                CoreCursorGrabEvent__Init
                0x0800165c                CoreCursorEvent__Init
                0x08001684                CoreDragEvent__Init
                0x080016ac                CoreResource__Done
                0x080016d0                CoreResource__Init
                0x080016f8                CoreTimer__Done
                0x0800171c                CoreRoot__Done
                0x080017cc                CoreView_ChangeViewState
                0x080018e8                CoreGroup_ChangeViewState
                0x08001980                CoreRoot_ChangeViewState
                0x08001a4c                CoreRoot_InvalidateArea
                0x08002024                CoreOutline_Draw
                0x08002030                CoreView__initLayoutContext
                0x08002058                CoreView__Draw
                0x080020a0                CoreView_HandleEvent
                0x080020a4                CoreView__CursorHitTest
                0x080020d8                CoreView__ArrangeView
                0x08002110                CoreView__MoveView
                0x0800212c                CoreView__GetExtent
                0x0800213c                CoreView__ChangeViewState
                0x08002144                CoreRectView__OnSetBounds
                0x08002168                CoreGroup_drawContent
                0x080022dc                CoreGroup_Draw
                0x080023cc                CoreRoot_Draw
                0x08002494                CoreGroup_recalculateLayout
                0x08002ab0                CoreGroup_updateComponent
                0x08002adc                CoreGroup__OnSetFocus
                0x08002ae4                CoreGroup_LocalPosition
                0x08002b18                CoreGroup__DispatchEvent
                0x08002b20                CoreGroup_BroadcastEventAtPosition
                0x08002bb8                CoreGroup__BroadcastEventAtPosition
                0x08002bd0                CoreGroup__BroadcastEvent
                0x08002bd8                CoreGroup_UpdateLayout
                0x08002be4                CoreGroup_UpdateViewState
                0x08002be8                CoreGroup_InvalidateViewState
                0x08002c18                CoreGroup__Init
                0x08002c40                CoreGroup__InvalidateArea
                0x08002c64                CoreGroup_Init
                0x08002c68                CoreGroup_FindSiblingView
                0x08002c80                CoreGroup_Add
                0x08002e18                CoreRoot_createDragEvent
                0x08002e3c                CoreRoot_createCursorEvent
                0x08002e60                CoreRoot_createCursorGrabEvent
                0x08002e84                CoreRoot_GetFPS
                0x08002ec8                CoreRoot__GetFPS
                0x08002ecc                CoreRoot_EndUpdate
                0x08002ee8                CoreRoot__EndUpdate
                0x08002f04                CoreRoot_UpdateCanvas
                0x08003058                CoreRoot__UpdateCanvas
                0x08003078                CoreRoot_GetUpdateRegion
                0x080030c8                CoreRoot__GetUpdateRegion
                0x080030d4                CoreRoot_BeginUpdate
                0x080033b0                CoreRoot_UpdateGE20
                0x08003414                CoreRoot_Update
                0x0800346c                CoreRoot__Update
                0x08003478                CoreRoot__UpdateGE20
                0x08003484                CoreRoot__BeginUpdate
                0x08003488                CoreRoot_DoesNeedUpdate
                0x08003498                CoreRoot__DoesNeedUpdate
                0x080034a8                CoreRoot_Initialize
                0x08003518                CoreRoot__Initialize
                0x0800352c                CoreRoot_SetRootFocus
                0x080035ac                CoreRoot__SetRootFocus
                0x080035b0                CoreRoot_SetUserInputTimestamp
                0x080035b8                CoreRoot__SetUserInputTimestamp
                0x080035c0                CoreRoot_DriveMultiTouchMovement
                0x080038a4                CoreRoot_DriveCursorMovement
                0x080038b8                CoreRoot__DriveCursorMovement
                0x080038e0                CoreRoot__DriveMultiTouchMovement
                0x080038f8                CoreEvent_GetCurrentTime
                0x080038fc                CoreEvent_Init
                0x08003908                CoreKeyEvent_Initialize2
                0x080039ac                CoreKeyEvent__Initialize2
                0x080039b0                CoreKeyEvent_Initialize
                0x08003a34                CoreKeyEvent__Initialize
                0x08003a38                CoreKeyEvent_IsCode
                0x08003ac4                CoreCursorGrabEvent_InitializeUp
                0x08003af0                CoreCursorGrabEvent__InitializeUp
                0x08003b10                CoreCursorGrabEvent_InitializeDown
                0x08003b3c                CoreCursorGrabEvent__InitializeDown
                0x08003b5c                CoreCursorEvent_InitializeHold
                0x08003bd4                CoreCursorEvent__InitializeHold
                0x08003c68                CoreCursorEvent_InitializeUp
                0x08003cec                CoreCursorEvent__InitializeUp
                0x08003d88                CoreCursorEvent_InitializeDown
                0x08003e08                CoreCursorEvent__InitializeDown
                0x08003e2c                CoreDragEvent_Initialize
                0x08003eac                CoreDragEvent__Initialize
                0x08003f44                CoreKeyPressHandler_HandleEvent
                0x08003fdc                CoreGroup_processKeyHandlers
                0x0800401c                CoreGroup_DispatchEvent
                0x08004094                CoreGroup_BroadcastEvent
                0x080040f0                CoreRoot_BroadcastEvent
                0x08004118                CoreRoot_DispatchEvent
                0x08004190                CoreRoot_DriveKeyboardHitting
                0x08004380                CoreRoot__DriveKeyboardHitting
                0x08004384                CoreKeyPressHandler_Init
                0x080043b0                CoreKeyPressHandler__Init
                0x080043dc                CoreResource_Done
                0x080043f4                CoreResource_Init
                0x08004408                CoreTimer_Done
                0x08004420                CoreTimer_restart
                0x08004488                CoreRoot__Init
                0x08004504                CoreTimer_OnSetPeriod
                0x08004520                CoreTimer_OnSetEnabled
                0x08004554                CoreRoot_cursorHoldTimerProc
                0x08004818                CoreRoot_DriveMultiTouchHitting
                0x08004dc4                CoreRoot_DriveCursorHitting
                0x08004de0                CoreRoot__DriveCursorHitting
                0x08004e10                CoreRoot__DriveMultiTouchHitting
                0x08004e2c                CoreTimer_GetCurrentTime
                0x08004e30                CoreTimer_Trigger
                0x08004e5c                CoreTimer__Trigger
 .text          0x08004e60     0x13c8 ./Obj/Graphics.o
                0x08004e60                GraphicsCanvas__Init
                0x08004e7c                GraphicsCanvas__ReInit
                0x08004e80                GraphicsCanvas_OnSetFrameSize
                0x08004efc                GraphicsCanvas_Update
                0x08004fa4                GraphicsPath__Init
                0x08004fb8                GraphicsArcPath__Init
                0x08004fd8                GraphicsPath__ReInit
                0x08004fdc                GraphicsArcPath__ReInit
                0x08004fe0                GraphicsPath_onUpdate
                0x08004fe8                GraphicsPath__Done
                0x0800500c                GraphicsArcPath__Done
                0x08005018                GraphicsCanvas__Done
                0x08005040                GraphicsCanvas_Done
                0x08005060                GraphicsCanvas_Init
                0x08005068                GraphicsCanvas_DetachBitmap
                0x0800509c                GraphicsCanvas__DetachBitmap
                0x080050d0                GraphicsCanvas_AttachBitmap
                0x08005114                GraphicsCanvas__AttachBitmap
                0x08005118                GraphicsCanvas_DrawText
                0x080051f8                GraphicsCanvas_StrokePath
                0x080052ec                GraphicsCanvas_CopyBitmap
                0x0800538c                GraphicsCanvas_FillRectangle
                0x080053f8                GraphicsPath_Done
                0x08005410                GraphicsPath_AddArc
                0x0800547c                GraphicsPath_Close
                0x080054ac                GraphicsPath_Begin
                0x080054f4                GraphicsPath_GetMaxNoOfSubPaths
                0x08005500                GraphicsPath_SetMaxNoOfSubPaths
                0x08005554                GraphicsPath_InitSubPath
                0x08005594                GraphicsArcPath_updatePath
                0x08006110                GraphicsArcPath_OnSetEndAngle
                0x08006168                GraphicsArcPath_OnSetRadius
                0x080061c8                GraphicsArcPath_OnSetStyle
 .text          0x08006228      0x26c ./Obj/Resources.o
                0x08006228                ResourcesBitmap_Update
                0x0800622c                ResourcesBitmap__ReInit
                0x08006230                ResourcesFont__ReInit
                0x08006234                ResourcesBitmap__Done
                0x08006264                ResourcesBitmap_OnSetFrameSize
                0x08006284                ResourcesFont__Done
                0x080062f8                ResourcesBitmap__Init
                0x08006320                ResourcesFont__Init
                0x08006358                ResourcesBitmap_Done
                0x0800637c                ResourcesBitmap_Init
                0x08006384                ResourcesBitmap__OnSetFrameSize
                0x080063a0                ResourcesBitmap__Update
                0x080063a8                ResourcesFont_Done
                0x080063c4                ResourcesFont_Init
                0x080063f4                ResourcesFont_GetFlowTextAdvance
                0x08006400                ResourcesFont_ParseFlowString
                0x08006444                ResourcesFont_GetTextAdvance
                0x0800647c                ResourcesFont_OnGetLeading
                0x08006480                ResourcesFont__OnGetLeading
                0x08006484                ResourcesFont_OnGetDescent
                0x08006488                ResourcesFont__OnGetDescent
                0x0800648c                ResourcesFont_OnGetAscent
                0x08006490                ResourcesFont__OnGetAscent
 .text          0x08006494     0x1bd0 ./Obj/Views.o
                0x08006494                ViewsRectangle__Init
                0x080064b4                ViewsText__Init
                0x080064e4                ViewsStrokePath__Init
                0x08006524                ViewsRectangle__ReInit
                0x08006528                ViewsText__ReInit
                0x0800652c                ViewsStrokePath__ReInit
                0x08006530                ViewsRectangle__Done
                0x0800653c                ViewsRectangle_Draw
                0x08006658                ViewsText_preOnUpdateSlot
                0x08006668                ViewsText_preReparseSlot
                0x08006690                ViewsText_OnSetBounds
                0x080067d4                ViewsStrokePath_OnSetBounds
                0x08006850                ViewsText__Done
                0x08006874                ViewsStrokePath_Draw
                0x08006a44                ViewsStrokePath__Done
                0x08006a68                ViewsStrokePath_updatePath
                0x08006ab8                ViewsStrokePath_updateBuffer
                0x08006b78                ViewsRectangle_OnSetColor
                0x08006bdc                ViewsText_Done
                0x08006bf4                ViewsText_freeBidi
                0x08006c00                ViewsText_createBidi
                0x08006c08                ViewsText_OnSetString
                0x08006c50                ViewsText_OnSetFont
                0x08006c88                ViewsText_IsBaseDirectionRTL
                0x08006cc4                ViewsText_IsBidiText
                0x08006d00                ViewsText_GetContentArea
                0x0800713c                ViewsText_Draw
                0x0800760c                ViewsText_reparseSlot
                0x08007e68                ViewsStrokePath_Done
                0x08007e80                ViewsStrokePath_destroyBuffer
                0x08007e84                ViewsStrokePath_OnSetOffset
                0x08007ef4                ViewsStrokePath_OnSetMiterLimit
                0x08007f64                ViewsStrokePath_OnSetWidth
                0x08007fd4                ViewsStrokePath_OnSetPath
 .text          0x08008064      0x52c ./Obj/Application.o
                0x08008064                ApplicationApplication__Init
                0x08008220                ApplicationApplication__ReInit
                0x0800825c                ApplicationApplication__Done
                0x080082a4                ApplicationApplication_Slot
                0x08008568                ApplicationApplication_OnSetProperty
                0x08008580                ApplicationApplication_OnSetProperty1
 .text          0x08008590      0x18c ./Obj/ewextrte.o
                0x08008590                EwAlloc
                0x08008594                EwFree
                0x08008598                EwIsMemory
                0x0800859c                EwPanic
                0x080085ac                EwConsoleOutput
                0x080085e0                EwSaveRegister
                0x080085e8                EwGetTicks
                0x080085ec                EwGetTime
                0x080085f0                EwZero
                0x080085f8                EwFill
                0x080085fc                EwMove
                0x08008600                EwCopy
                0x08008604                EwStrCpy
                0x08008608                EwStrCat
                0x0800860c                EwStrCmp
                0x08008610                EwStrLen
                0x08008614                EwMathSin
                0x08008624                EwMathCos
                0x08008634                EwMathArcSin
                0x08008648                EwMathArcCos
                0x0800865c                EwMathSqrt
                0x08008680                EwMathPow
                0x08008684                EwMathRandInt32
                0x080086b8                EwMathRandFloat
                0x08008708                EwMathRound
                0x08008714                EwMathFloor
                0x08008718                EwMathCeil
 .text          0x0800871c      0xa74 ./Obj/ewextgfx.o
                0x0800871c                GfxInitGfx
                0x08008794                GfxInitViewport
                0x08008938                GfxDoneViewport
                0x08008974                GfxBeginUpdate
                0x08008990                GfxBeginUpdateArea
                0x080089d4                GfxEndUpdate
                0x08008a20                GfxCreateSurface
                0x08008b00                GfxCreateConstSurface
                0x08008bb0                GfxDestroySurface
                0x08008bec                GfxLockSurface
                0x08008c44                GfxUnlockSurface
                0x08008c48                GfxFillDriver
                0x08008d44                GfxCopyDriver
                0x08008f58                GfxBlendDriver
                0x0800915c                GfxUseGraphicsAccelerator
                0x08009184                GfxIsGraphicsAcceleratorUsed
 .text          0x08009190      0x1c4 ./Obj/ew_bsp_system.o
                0x08009190                MX_GPIO_Init
                0x080092a4                EwBspSystemInit
                0x08009350                EwBspSystemDone
 .text          0x08009354      0x3bc ./Obj/ew_bsp_clock.o
                0x08009354                HAL_RTC_MspInit
                0x08009390                HAL_RTC_MspDeInit
                0x0800939c                EwBspClockInit
                0x080093e4                EwBspClockTickIncrement
                0x080093f4                EwBspClockGetTicks
                0x08009400                EwBspClockGetTime
                0x08009484                EwBspClockSetTime
                0x0800964c                EwBspClockGetCpuLoad
                0x08009688                EwBspClockCpuLoadSetActive
                0x080096f4                EwBspClockCpuLoadSetIdle
 .text          0x08009710       0x50 ./Obj/ew_bsp_event.o
                0x08009710                EwBspEventWait
                0x08009750                EwBspEventTrigger
 .text          0x08009760      0x374 ./Obj/ew_bsp_display.o
                0x08009760                HAL_LTDC_MspInit
                0x080098b8                HAL_LTDC_MspDeInit
                0x080098d0                LTDC_IRQHandler
                0x080098dc                HAL_LTDC_LineEventCallback
                0x08009930                EwBspDisplayInit
                0x08009a4c                EwBspDisplayDone
                0x08009a50                EwBspDisplayGetUpdateArea
                0x08009a54                EwBspDisplayWaitForCompletion
                0x08009a80                EwBspDisplayCommitBuffer
                0x08009a8c                EwBspDisplaySetClut
 .text          0x08009ad4       0xd0 ./Obj/ew_bsp_touch.o
                0x08009ad4                EwBspTouchInit
                0x08009af8                EwBspTouchDone
                0x08009afc                EwBspTouchGetEvents
 .text          0x08009ba4      0x12c ./Obj/ew_bsp_console.o
                0x08009ba4                HAL_UART_MspInit
                0x08009c24                HAL_UART_MspDeInit
                0x08009c5c                EwBspConsoleInit
                0x08009c8c                EwBspConsoleDone
                0x08009c90                EwBspConsolePutCharacter
                0x08009cb0                EwBspConsoleGetCharacter
 .text          0x08009cd0       0x98 ./Obj/ew_bsp_inout.o
                0x08009cd0                EwBspInOutInitButton
                0x08009d28                EwBspInOutInitLed
                0x08009d30                EwBspInOutLedOn
                0x08009d38                EwBspInOutLedOff
                0x08009d40                EwBspInOutEventHandler
 .text          0x08009d68      0x410 ./Obj/ew_bsp_graphics.o
                0x08009d90                HAL_DMA2D_MspInit
                0x08009dc4                HAL_DMA2D_MspDeInit
                0x08009de4                EwBspGraphicsInit
                0x08009e40                EwBspGraphicsDone
                0x08009e4c                EwBspGraphicsWaitForCompletion
                0x08009e5c                EwBspGraphicsConcurrentOperation
                0x08009e68                EwBspGraphicsFill
                0x08009ed8                EwBspGraphicsFillBlend
                0x08009f80                EwBspGraphicsCopy
                0x0800a04c                EwBspGraphicsCopyBlend
                0x0800a100                EwBspGraphicsLoadClut
                0x0800a150                DMA2D_IRQHandler
 .text          0x0800a178       0xc4 ./Obj/stm32f4xx_it.o
                0x0800a178                NMI_Handler
                0x0800a17c                HardFault_Handler
                0x0800a18c                MemManage_Handler
                0x0800a19c                BusFault_Handler
                0x0800a1ac                UsageFault_Handler
                0x0800a1bc                DebugMon_Handler
                0x0800a1c0                SysTick_Handler
                0x0800a1d4                EXTI0_IRQHandler
                0x0800a208                EXTI2_IRQHandler
 .text          0x0800a23c       0xc0 ./Obj/system_stm32f4xx.o
                0x0800a23c                SystemInit
                0x0800a28c                SystemCoreClockUpdate
 .text          0x0800a2fc      0x224 ./Obj/stm32f4xx_hal.o
                0x0800a2fc                HAL_MspInit
                0x0800a300                HAL_MspDeInit
                0x0800a304                HAL_DeInit
                0x0800a330                HAL_InitTick
                0x0800a374                HAL_Init
                0x0800a3a8                HAL_IncTick
                0x0800a3c0                HAL_GetTick
                0x0800a3cc                HAL_GetTickPrio
                0x0800a3d8                HAL_SetTickFreq
                0x0800a3f8                HAL_GetTickFreq
                0x0800a404                HAL_Delay
                0x0800a428                HAL_SuspendTick
                0x0800a438                HAL_ResumeTick
                0x0800a448                HAL_GetHalVersion
                0x0800a450                HAL_GetREVID
                0x0800a45c                HAL_GetDEVID
                0x0800a46c                HAL_DBGMCU_EnableDBGSleepMode
                0x0800a47c                HAL_DBGMCU_DisableDBGSleepMode
                0x0800a48c                HAL_DBGMCU_EnableDBGStopMode
                0x0800a49c                HAL_DBGMCU_DisableDBGStopMode
                0x0800a4ac                HAL_DBGMCU_EnableDBGStandbyMode
                0x0800a4bc                HAL_DBGMCU_DisableDBGStandbyMode
                0x0800a4cc                HAL_EnableCompensationCell
                0x0800a4d8                HAL_DisableCompensationCell
                0x0800a4e4                HAL_GetUIDw0
                0x0800a4f0                HAL_GetUIDw1
                0x0800a4fc                HAL_GetUIDw2
                0x0800a508                HAL_EnableMemorySwappingBank
                0x0800a514                HAL_DisableMemorySwappingBank
 .text          0x0800a520      0x720 ./Obj/stm32f4xx_hal_rcc.o
                0x0800a524                HAL_RCC_OscConfig
                0x0800a89c                HAL_RCC_MCOConfig
                0x0800a938                HAL_RCC_EnableCSS
                0x0800a944                HAL_RCC_DisableCSS
                0x0800a950                HAL_RCC_GetSysClockFreq
                0x0800a9bc                HAL_RCC_ClockConfig
                0x0800aaf4                HAL_RCC_GetHCLKFreq
                0x0800ab00                HAL_RCC_GetPCLK1Freq
                0x0800ab20                HAL_RCC_GetPCLK2Freq
                0x0800ab40                HAL_RCC_GetOscConfig
                0x0800abd8                HAL_RCC_GetClockConfig
                0x0800ac1c                HAL_RCC_CSSCallback
                0x0800ac20                HAL_RCC_NMI_IRQHandler
 .text          0x0800ac40      0x594 ./Obj/stm32f4xx_hal_rcc_ex.o
                0x0800ac40                HAL_RCCEx_PeriphCLKConfig
                0x0800ae78                HAL_RCCEx_GetPeriphCLKConfig
                0x0800aefc                HAL_RCCEx_GetPeriphCLKFreq
                0x0800af48                HAL_RCCEx_EnablePLLI2S
                0x0800afb0                HAL_RCCEx_DisablePLLI2S
                0x0800afe4                HAL_RCCEx_EnablePLLSAI
                0x0800b04c                HAL_RCCEx_DisablePLLSAI
                0x0800b080                HAL_RCC_DeInit
 .text          0x0800b1d4      0x2dc ./Obj/stm32f4xx_hal_cortex.o
                0x0800b1d4                HAL_NVIC_SetPriorityGrouping
                0x0800b1f8                HAL_NVIC_SetPriority
                0x0800b264                HAL_NVIC_EnableIRQ
                0x0800b280                HAL_NVIC_DisableIRQ
                0x0800b2a8                HAL_NVIC_SystemReset
                0x0800b2cc                HAL_SYSTICK_Config
                0x0800b300                HAL_MPU_Disable
                0x0800b320                HAL_MPU_Enable
                0x0800b344                HAL_MPU_ConfigRegion
                0x0800b394                HAL_NVIC_GetPriorityGrouping
                0x0800b3a4                HAL_NVIC_GetPriority
                0x0800b404                HAL_NVIC_SetPendingIRQ
                0x0800b424                HAL_NVIC_GetPendingIRQ
                0x0800b448                HAL_NVIC_ClearPendingIRQ
                0x0800b468                HAL_NVIC_GetActive
                0x0800b48c                HAL_SYSTICK_CLKSourceConfig
                0x0800b4a4                HAL_SYSTICK_Callback
                0x0800b4a8                HAL_SYSTICK_IRQHandler
 .text          0x0800b4b0      0x45c ./Obj/stm32f4xx_hal_gpio.o
                0x0800b4b0                HAL_GPIO_Init
                0x0800b72c                HAL_GPIO_DeInit
                0x0800b8a0                HAL_GPIO_ReadPin
                0x0800b8ac                HAL_GPIO_WritePin
                0x0800b8b4                HAL_GPIO_TogglePin
                0x0800b8c4                HAL_GPIO_LockPin
                0x0800b8f0                HAL_GPIO_EXTI_Callback
                0x0800b8f4                HAL_GPIO_EXTI_IRQHandler
 .text          0x0800b90c      0x3b4 ./Obj/stm32f4xx_hal_sdram.o
                0x0800b90c                HAL_SDRAM_DMA_XferErrorCallback
                0x0800b910                HAL_SDRAM_DMA_XferCpltCallback
                0x0800b914                HAL_SDRAM_MspInit
                0x0800b918                HAL_SDRAM_Init
                0x0800b95c                HAL_SDRAM_MspDeInit
                0x0800b960                HAL_SDRAM_DeInit
                0x0800b97c                HAL_SDRAM_RefreshErrorCallback
                0x0800b980                HAL_SDRAM_IRQHandler
                0x0800b9a0                HAL_SDRAM_Read_8b
                0x0800b9e8                HAL_SDRAM_Write_8b
                0x0800ba30                HAL_SDRAM_Read_16b
                0x0800ba78                HAL_SDRAM_Write_16b
                0x0800bac0                HAL_SDRAM_Read_32b
                0x0800bb08                HAL_SDRAM_Write_32b
                0x0800bb50                HAL_SDRAM_Read_DMA
                0x0800bb98                HAL_SDRAM_Write_DMA
                0x0800bbe8                HAL_SDRAM_WriteProtection_Enable
                0x0800bc10                HAL_SDRAM_WriteProtection_Disable
                0x0800bc38                HAL_SDRAM_SendCommand
                0x0800bc68                HAL_SDRAM_ProgramRefreshRate
                0x0800bc8c                HAL_SDRAM_SetAutoRefreshNumber
                0x0800bcb0                HAL_SDRAM_GetModeStatus
                0x0800bcb8                HAL_SDRAM_GetState
 .text          0x0800bcc0      0x710 ./Obj/stm32f4xx_hal_dma.o
                0x0800bcc0                HAL_DMA_Init
                0x0800bdf8                HAL_DMA_DeInit
                0x0800be78                HAL_DMA_Start
                0x0800bed4                HAL_DMA_Start_IT
                0x0800bf58                HAL_DMA_Abort
                0x0800bfe8                HAL_DMA_Abort_IT
                0x0800c00c                HAL_DMA_PollForTransfer
                0x0800c144                HAL_DMA_IRQHandler
                0x0800c2f0                HAL_DMA_RegisterCallback
                0x0800c354                HAL_DMA_UnRegisterCallback
                0x0800c3c4                HAL_DMA_GetState
                0x0800c3cc                HAL_DMA_GetError
 .text          0x0800c3d0      0xb44 ./Obj/stm32f4xx_hal_ltdc.o
                0x0800c500                HAL_LTDC_Init
                0x0800c5e4                HAL_LTDC_DeInit
                0x0800c5fc                HAL_LTDC_ErrorCallback
                0x0800c604                HAL_LTDC_ReloadEventCallback
                0x0800c608                HAL_LTDC_IRQHandler
                0x0800c6cc                HAL_LTDC_ConfigLayer
                0x0800c72c                HAL_LTDC_ConfigColorKeying
                0x0800c76c                HAL_LTDC_ConfigCLUT
                0x0800c7d4                HAL_LTDC_EnableColorKeying
                0x0800c80c                HAL_LTDC_DisableColorKeying
                0x0800c844                HAL_LTDC_EnableCLUT
                0x0800c87c                HAL_LTDC_DisableCLUT
                0x0800c8b4                HAL_LTDC_EnableDither
                0x0800c8ec                HAL_LTDC_DisableDither
                0x0800c924                HAL_LTDC_SetWindowSize
                0x0800c98c                HAL_LTDC_SetWindowPosition
                0x0800c9f0                HAL_LTDC_SetPixelFormat
                0x0800ca34                HAL_LTDC_SetAlpha
                0x0800ca78                HAL_LTDC_SetAddress
                0x0800cabc                HAL_LTDC_SetPitch
                0x0800cb38                HAL_LTDC_ProgramLineEvent
                0x0800cb78                HAL_LTDC_Reload
                0x0800cbac                HAL_LTDC_ConfigLayer_NoReload
                0x0800cc04                HAL_LTDC_SetWindowSize_NoReload
                0x0800cc64                HAL_LTDC_SetWindowPosition_NoReload
                0x0800ccc0                HAL_LTDC_SetPixelFormat_NoReload
                0x0800cd00                HAL_LTDC_SetAlpha_NoReload
                0x0800cd40                HAL_LTDC_SetAddress_NoReload
                0x0800cd80                HAL_LTDC_SetPitch_NoReload
                0x0800cde8                HAL_LTDC_ConfigColorKeying_NoReload
                0x0800ce24                HAL_LTDC_EnableColorKeying_NoReload
                0x0800ce5c                HAL_LTDC_DisableColorKeying_NoReload
                0x0800ce94                HAL_LTDC_EnableCLUT_NoReload
                0x0800cecc                HAL_LTDC_DisableCLUT_NoReload
                0x0800cf04                HAL_LTDC_GetState
                0x0800cf0c                HAL_LTDC_GetError
 .text          0x0800cf14      0x9b4 ./Obj/stm32f4xx_hal_dma2d.o
                0x0800cfa0                HAL_DMA2D_Init
                0x0800d000                HAL_DMA2D_Start
                0x0800d038                HAL_DMA2D_Start_IT
                0x0800d078                HAL_DMA2D_BlendingStart
                0x0800d0b8                HAL_DMA2D_BlendingStart_IT
                0x0800d100                HAL_DMA2D_Abort
                0x0800d160                HAL_DMA2D_Suspend
                0x0800d1c0                HAL_DMA2D_Resume
                0x0800d1e0                HAL_DMA2D_EnableCLUT
                0x0800d214                HAL_DMA2D_CLUTLoad
                0x0800d28c                HAL_DMA2D_CLUTLoad_IT
                0x0800d314                HAL_DMA2D_CLUTLoading_Abort
                0x0800d378                HAL_DMA2D_DeInit
                0x0800d3e4                HAL_DMA2D_CLUTLoading_Suspend
                0x0800d458                HAL_DMA2D_CLUTLoading_Resume
                0x0800d48c                HAL_DMA2D_PollForTransfer
                0x0800d598                HAL_DMA2D_LineEventCallback
                0x0800d59c                HAL_DMA2D_CLUTLoadingCpltCallback
                0x0800d5a0                HAL_DMA2D_IRQHandler
                0x0800d6c8                HAL_DMA2D_ConfigLayer
                0x0800d76c                HAL_DMA2D_ConfigCLUT
                0x0800d7dc                HAL_DMA2D_ProgramLineEvent
                0x0800d81c                HAL_DMA2D_EnableDeadTime
                0x0800d850                HAL_DMA2D_DisableDeadTime
                0x0800d884                HAL_DMA2D_ConfigDeadTime
                0x0800d8bc                HAL_DMA2D_GetState
                0x0800d8c4                HAL_DMA2D_GetError
 .text          0x0800d8c8     0x35f4 ./Obj/stm32f4xx_hal_i2c.o
                0x0800dcb0                HAL_I2C_MspInit
                0x0800dcb4                HAL_I2C_Init
                0x0800de28                HAL_I2C_MspDeInit
                0x0800de2c                HAL_I2C_DeInit
                0x0800de60                HAL_I2C_Master_Transmit
                0x0800e018                HAL_I2C_Master_Receive
                0x0800e304                HAL_I2C_Slave_Transmit
                0x0800e46c                HAL_I2C_Slave_Receive
                0x0800e618                HAL_I2C_Master_Transmit_IT
                0x0800e6e8                HAL_I2C_Master_Receive_IT
                0x0800e7c0                HAL_I2C_Slave_Transmit_IT
                0x0800e838                HAL_I2C_Slave_Receive_IT
                0x0800e8b0                HAL_I2C_Master_Transmit_DMA
                0x0800e9f4                HAL_I2C_Master_Receive_DMA
                0x0800eb38                HAL_I2C_Slave_Transmit_DMA
                0x0800ec00                HAL_I2C_Slave_Receive_DMA
                0x0800eccc                HAL_I2C_Mem_Write
                0x0800edf8                HAL_I2C_Mem_Read
                0x0800f028                HAL_I2C_Mem_Write_IT
                0x0800f104                HAL_I2C_Mem_Read_IT
                0x0800f1f8                HAL_I2C_Mem_Write_DMA
                0x0800f364                HAL_I2C_Mem_Read_DMA
                0x0800f50c                HAL_I2C_IsDeviceReady
                0x0800f674                HAL_I2C_Master_Seq_Transmit_IT
                0x0800f768                HAL_I2C_Master_Seq_Transmit_DMA
                0x0800f8fc                HAL_I2C_Master_Seq_Receive_IT
                0x0800fa28                HAL_I2C_Master_Seq_Receive_DMA
                0x0800fc24                HAL_I2C_Slave_Seq_Transmit_IT
                0x0800fcac                HAL_I2C_Slave_Seq_Transmit_DMA
                0x0800fe08                HAL_I2C_Slave_Seq_Receive_IT
                0x0800fe90                HAL_I2C_Slave_Seq_Receive_DMA
                0x0800fff0                HAL_I2C_EnableListen_IT
                0x08010028                HAL_I2C_DisableListen_IT
                0x0801006c                HAL_I2C_MasterTxCpltCallback
                0x08010070                HAL_I2C_MasterRxCpltCallback
                0x08010074                HAL_I2C_SlaveTxCpltCallback
                0x08010078                HAL_I2C_SlaveRxCpltCallback
                0x0801007c                HAL_I2C_AddrCallback
                0x08010080                HAL_I2C_ListenCpltCallback
                0x08010084                HAL_I2C_MemTxCpltCallback
                0x08010088                HAL_I2C_MemRxCpltCallback
                0x0801008c                HAL_I2C_ErrorCallback
                0x080101e0                HAL_I2C_AbortCpltCallback
                0x080103b8                HAL_I2C_Master_Abort_IT
                0x08010404                HAL_I2C_EV_IRQHandler
                0x08010d48                HAL_I2C_ER_IRQHandler
                0x08010ea8                HAL_I2C_GetState
                0x08010eb0                HAL_I2C_GetMode
                0x08010eb8                HAL_I2C_GetError
 .text          0x08010ebc     0x19e8 ./Obj/stm32f4xx_hal_spi.o
                0x0801109c                HAL_SPI_MspInit
                0x080110a0                HAL_SPI_Init
                0x0801112c                HAL_SPI_MspDeInit
                0x08011130                HAL_SPI_DeInit
                0x0801115c                HAL_SPI_Transmit
                0x0801130c                HAL_SPI_TransmitReceive
                0x08011598                HAL_SPI_Receive
                0x08011774                HAL_SPI_Transmit_IT
                0x08011830                HAL_SPI_TransmitReceive_IT
                0x080118fc                HAL_SPI_Receive_IT
                0x080119c8                HAL_SPI_Transmit_DMA
                0x08011aa4                HAL_SPI_TransmitReceive_DMA
                0x08011bc0                HAL_SPI_Receive_DMA
                0x08011cc0                HAL_SPI_Abort
                0x08011df0                HAL_SPI_DMAPause
                0x08011e14                HAL_SPI_DMAResume
                0x08011e38                HAL_SPI_DMAStop
                0x08011e7c                HAL_SPI_TxCpltCallback
                0x08011e80                HAL_SPI_RxCpltCallback
                0x08011e84                HAL_SPI_TxRxCpltCallback
                0x08011e88                HAL_SPI_TxHalfCpltCallback
                0x08011e98                HAL_SPI_RxHalfCpltCallback
                0x08011ea8                HAL_SPI_TxRxHalfCpltCallback
                0x08011eb8                HAL_SPI_ErrorCallback
                0x080124e8                HAL_SPI_IRQHandler
                0x08012638                HAL_SPI_AbortCpltCallback
                0x0801263c                HAL_SPI_Abort_IT
                0x08012898                HAL_SPI_GetState
                0x080128a0                HAL_SPI_GetError
 .text          0x080128a4      0x550 ./Obj/stm32f4xx_ll_fmc.o
                0x080128a4                FMC_NORSRAM_Init
                0x08012918                FMC_NORSRAM_DeInit
                0x08012950                FMC_NORSRAM_Timing_Init
                0x080129a0                FMC_NORSRAM_Extended_Timing_Init
                0x080129e4                FMC_NORSRAM_WriteOperation_Enable
                0x080129f8                FMC_NORSRAM_WriteOperation_Disable
                0x08012a0c                FMC_NAND_Init
                0x08012a50                FMC_NAND_CommonSpace_Timing_Init
                0x08012a78                FMC_NAND_AttributeSpace_Timing_Init
                0x08012aa0                FMC_NAND_DeInit
                0x08012ae8                FMC_NAND_ECC_Enable
                0x08012b04                FMC_NAND_ECC_Disable
                0x08012b20                FMC_NAND_GetECC
                0x08012b6c                FMC_PCCARD_Init
                0x08012b94                FMC_PCCARD_CommonSpace_Timing_Init
                0x08012bb4                FMC_PCCARD_AttributeSpace_Timing_Init
                0x08012bd4                FMC_PCCARD_IOSpace_Timing_Init
                0x08012bf4                FMC_PCCARD_DeInit
                0x08012c18                FMC_SDRAM_Init
                0x08012c98                FMC_SDRAM_Timing_Init
                0x08012d2c                FMC_SDRAM_DeInit
                0x08012d50                FMC_SDRAM_WriteProtection_Enable
                0x08012d64                FMC_SDRAM_WriteProtection_Disable
                0x08012d78                FMC_SDRAM_SendCommand
                0x08012dc8                FMC_SDRAM_ProgramRefreshRate
                0x08012dd8                FMC_SDRAM_SetAutoRefreshNumber
                0x08012de8                FMC_SDRAM_GetModeStatus
 .text          0x08012df4     0x10bc ./Obj/stm32f4xx_hal_uart.o
                0x08013108                HAL_UART_Init
                0x08013168                HAL_HalfDuplex_Init
                0x080131d0                HAL_LIN_Init
                0x0801324c                HAL_MultiProcessor_Init
                0x080132d4                HAL_UART_DeInit
                0x08013308                HAL_UART_Transmit
                0x080133bc                HAL_UART_Receive
                0x0801347c                HAL_UART_Transmit_IT
                0x080134c0                HAL_UART_Receive_IT
                0x08013514                HAL_UART_Transmit_DMA
                0x08013588                HAL_UART_Receive_DMA
                0x0801361c                HAL_UART_DMAPause
                0x08013688                HAL_UART_DMAResume
                0x080136f4                HAL_UART_DMAStop
                0x08013770                HAL_UART_Abort
                0x080137f4                HAL_UART_AbortTransmit
                0x0801383c                HAL_UART_AbortReceive
                0x0801388c                HAL_UART_TxCpltCallback
                0x080138bc                HAL_UART_TxHalfCpltCallback
                0x080138cc                HAL_UART_RxCpltCallback
                0x08013978                HAL_UART_RxHalfCpltCallback
                0x08013988                HAL_UART_ErrorCallback
                0x080139f4                HAL_UART_IRQHandler
                0x08013b88                HAL_UART_AbortCpltCallback
                0x08013b8c                HAL_UART_Abort_IT
                0x08013c9c                HAL_UART_AbortTransmitCpltCallback
                0x08013ca0                HAL_UART_AbortTransmit_IT
                0x08013d14                HAL_UART_AbortReceiveCpltCallback
                0x08013d18                HAL_UART_AbortReceive_IT
                0x08013d94                HAL_LIN_SendBreak
                0x08013dc8                HAL_MultiProcessor_EnterMuteMode
                0x08013dfc                HAL_MultiProcessor_ExitMuteMode
                0x08013e30                HAL_HalfDuplex_EnableTransmitter
                0x08013e68                HAL_HalfDuplex_EnableReceiver
                0x08013ea0                HAL_UART_GetState
                0x08013eac                HAL_UART_GetError
 .text          0x08013eb0      0x2b0 ./Obj/stm32f4xx_hal_pwr_ex.o
                0x08013eb0                HAL_PWREx_EnableBkUpReg
                0x08013ee4                HAL_PWREx_DisableBkUpReg
                0x08013f18                HAL_PWREx_EnableFlashPowerDown
                0x08013f24                HAL_PWREx_DisableFlashPowerDown
                0x08013f30                HAL_PWREx_GetVoltageRange
                0x08013f40                HAL_PWREx_ControlVoltageScaling
                0x08013ff8                HAL_PWREx_EnableOverDrive
                0x08014074                HAL_PWREx_DisableOverDrive
                0x080140f0                HAL_PWREx_EnterUnderDriveSTOPMode
 .text          0x08014160      0xad8 ./Obj/stm32f4xx_hal_rtc.o
                0x08014168                HAL_RTC_GetTime
                0x080141d4                HAL_RTC_GetDate
                0x08014234                HAL_RTC_SetAlarm
                0x080143f0                HAL_RTC_SetAlarm_IT
                0x080145f8                HAL_RTC_DeactivateAlarm
                0x0801469c                HAL_RTC_GetAlarm
                0x08014754                HAL_RTC_AlarmAEventCallback
                0x08014758                HAL_RTC_AlarmIRQHandler
                0x080147b0                HAL_RTC_PollForAlarmAEvent
                0x080147f0                HAL_RTC_WaitForSynchro
                0x08014824                HAL_RTC_GetState
                0x08014828                RTC_EnterInitMode
                0x0801485c                HAL_RTC_Init
                0x08014908                HAL_RTC_DeInit
                0x080149bc                HAL_RTC_SetTime
                0x08014af4                HAL_RTC_SetDate
                0x08014c08                RTC_ByteToBcd2
                0x08014c24                RTC_Bcd2ToByte
 .text          0x08014c38      0xa88 ./Obj/stm32f4xx_hal_rtc_ex.o
                0x08014c38                HAL_RTCEx_SetTimeStamp
                0x08014c8c                HAL_RTCEx_SetTimeStamp_IT
                0x08014d08                HAL_RTCEx_DeactivateTimeStamp
                0x08014d4c                HAL_RTCEx_GetTimeStamp
                0x08014de4                HAL_RTCEx_SetTamper
                0x08014e4c                HAL_RTCEx_SetTamper_IT
                0x08014ee8                HAL_RTCEx_DeactivateTamper
                0x08014f14                HAL_RTCEx_TimeStampEventCallback
                0x08014f18                HAL_RTCEx_Tamper1EventCallback
                0x08014f1c                HAL_RTCEx_Tamper2EventCallback
                0x08014f20                HAL_RTCEx_TamperTimeStampIRQHandler
                0x08014f98                HAL_RTCEx_PollForTimeStampEvent
                0x08014fe4                HAL_RTCEx_PollForTamper1Event
                0x08015024                HAL_RTCEx_PollForTamper2Event
                0x08015064                HAL_RTCEx_SetWakeUpTimer
                0x08015124                HAL_RTCEx_SetWakeUpTimer_IT
                0x08015204                HAL_RTCEx_DeactivateWakeUpTimer
                0x08015274                HAL_RTCEx_GetWakeUpTimer
                0x0801527c                HAL_RTCEx_WakeUpTimerEventCallback
                0x08015280                HAL_RTCEx_WakeUpTimerIRQHandler
                0x080152b8                HAL_RTCEx_PollForWakeUpTimerEvent
                0x080152f8                HAL_RTCEx_BKUPWrite
                0x08015304                HAL_RTCEx_BKUPRead
                0x08015310                HAL_RTCEx_SetCoarseCalib
                0x0801536c                HAL_RTCEx_DeactivateCoarseCalib
                0x080153c0                HAL_RTCEx_SetSmoothCalib
                0x0801543c                HAL_RTCEx_SetSynchroShift
                0x080154e8                HAL_RTCEx_SetCalibrationOutPut
                0x0801552c                HAL_RTCEx_DeactivateCalibrationOutPut
                0x08015564                HAL_RTCEx_SetRefClock
                0x080155b8                HAL_RTCEx_DeactivateRefClock
                0x0801560c                HAL_RTCEx_EnableBypassShadow
                0x08015644                HAL_RTCEx_DisableBypassShadow
                0x0801567c                HAL_RTCEx_AlarmBEventCallback
                0x08015680                HAL_RTCEx_PollForAlarmBEvent
 .text          0x080156c0      0x2d0 ./Obj/ili9341.o
                0x080156c0                ili9341_GetLcdPixelWidth
                0x080156c4                ili9341_GetLcdPixelHeight
                0x080156cc                ili9341_DisplayOn
                0x080156d4                ili9341_DisplayOff
                0x080156dc                ili9341_Init
                0x08015970                ili9341_ReadID
                0x08015984                ili9341_WriteReg
                0x08015988                ili9341_WriteData
                0x0801598c                ili9341_ReadData
 .text          0x08015990      0x588 ./Obj/stmpe811.o
                0x08015990                stmpe811_IO_WritePin
                0x080159a8                stmpe811_IO_ClearIT
                0x080159e4                stmpe811_TS_ClearIT
                0x080159f0                stmpe811_Reset
                0x08015a18                stmpe811_ReadID
                0x08015a3c                stmpe811_IO_ReadPin
                0x08015a50                stmpe811_IO_ITStatus
                0x08015a64                stmpe811_TS_DetectTouch
                0x08015a9c                stmpe811_TS_ITStatus
                0x08015aac                stmpe811_TS_GetXY
                0x08015aec                stmpe811_Init
                0x08015b1c                stmpe811_EnableGlobalIT
                0x08015b3c                stmpe811_DisableGlobalIT
                0x08015b58                stmpe811_EnableITSource
                0x08015b78                stmpe811_IO_EnableIT
                0x08015b94                stmpe811_TS_EnableIT
                0x08015bb0                stmpe811_DisableITSource
                0x08015bd0                stmpe811_IO_DisableIT
                0x08015be4                stmpe811_TS_DisableIT
                0x08015bf8                stmpe811_SetITPolarity
                0x08015c18                stmpe811_SetITType
                0x08015c38                stmpe811_GlobalITStatus
                0x08015c50                stmpe811_ReadGITStatus
                0x08015c60                stmpe811_ClearGlobalIT
                0x08015c6c                stmpe811_IO_InitPin
                0x08015ca0                stmpe811_IO_DisableAF
                0x08015cc0                stmpe811_IO_Start
                0x08015ce8                stmpe811_IO_EnableAF
                0x08015d08                stmpe811_TS_Start
                0x08015dac                stmpe811_IO_SetEdgeMode
                0x08015dfc                stmpe811_IO_EnablePinIT
                0x08015e1c                stmpe811_IO_Config
                0x08015ef8                stmpe811_IO_DisablePinIT
 .text          0x08015f18      0x788 ./Obj/stm32f429i_discovery.o
                0x0801611c                BSP_GetVersion
                0x08016124                BSP_LED_Init
                0x08016198                BSP_LED_On
                0x080161b4                BSP_LED_Off
                0x080161d0                BSP_LED_Toggle
                0x080161ec                BSP_PB_Init
                0x08016268                BSP_PB_GetState
                0x08016280                LCD_IO_Init
                0x0801633c                LCD_IO_WriteData
                0x08016374                LCD_IO_WriteReg
                0x080163ac                LCD_IO_ReadData
                0x0801641c                LCD_Delay
                0x08016420                IOE_Init
                0x08016424                IOE_ITConfig
                0x08016478                IOE_Write
                0x080164b8                IOE_Read
                0x08016500                IOE_WriteMultiple
                0x08016538                IOE_ReadMultiple
                0x08016570                IOE_Delay
                0x08016574                GYRO_IO_Init
                0x080165ec                GYRO_IO_Write
                0x08016644                GYRO_IO_Read
 .text          0x080166a0      0x37c ./Obj/stm32f429i_discovery_sdram.o
                0x080166a0                BSP_SDRAM_Initialization_sequence
                0x0801673c                BSP_SDRAM_ReadData
                0x08016758                BSP_SDRAM_ReadData_DMA
                0x08016774                BSP_SDRAM_WriteData
                0x0801679c                BSP_SDRAM_WriteData_DMA
                0x080167b8                BSP_SDRAM_Sendcmd
                0x080167d4                BSP_SDRAM_DMA_IRQHandler
                0x080167e0                BSP_SDRAM_MspInit
                0x08016970                BSP_SDRAM_Init
                0x080169f8                BSP_SDRAM_MspDeInit
 .text          0x08016a1c      0x148 ./Obj/stm32f429i_discovery_ts.o
                0x08016a1c                BSP_TS_Init
                0x08016a54                BSP_TS_ITConfig
                0x08016a68                BSP_TS_ITGetStatus
                0x08016a78                BSP_TS_GetState
                0x08016b54                BSP_TS_ITClear
 .text          0x08016b64       0x9c ./Obj/list.o
                0x08016b64                vListInitialise
                0x08016b7c                vListInitialiseItem
                0x08016b84                vListInsertEnd
                0x08016ba4                vListInsert
                0x08016bd8                uxListRemove
 .text          0x08016c00      0xd84 ./Obj/queue.o
                0x08016d30                xQueueGenericReset
                0x08016e04                xQueueGenericCreate
                0x08016e1c                xQueueGetMutexHolder
                0x08016e3c                xQueueGetMutexHolderFromISR
                0x08016e5c                xQueueCreateCountingSemaphore
                0x08016e98                xQueueGenericSend
                0x08017018                xQueueCreateMutex
                0x0801703c                xQueueGiveMutexRecursive
                0x0801707c                xQueueGenericSendFromISR
                0x08017148                xQueueGiveFromISR
                0x080171f8                xQueueReceive
                0x08017368                xQueueSemaphoreTake
                0x08017520                xQueueTakeMutexRecursive
                0x08017560                xQueuePeek
                0x080176c8                xQueueReceiveFromISR
                0x08017770                xQueuePeekFromISR
                0x080177ec                uxQueueMessagesWaiting
                0x08017814                uxQueueSpacesAvailable
                0x08017840                uxQueueMessagesWaitingFromISR
                0x08017858                vQueueDelete
                0x080178a8                uxQueueGetQueueNumber
                0x080178ac                vQueueSetQueueNumber
                0x080178b0                ucQueueGetQueueType
                0x080178b8                xQueueIsQueueEmptyFromISR
                0x080178d8                xQueueIsQueueFullFromISR
                0x080178fc                vQueueAddToRegistry
                0x08017924                pcQueueGetName
                0x0801794c                vQueueUnregisterQueue
 .text          0x08017984     0x1630 ./Obj/tasks.o
                0x08017ab0                xTaskCreate
                0x08017c80                vTaskDelete
                0x08017d60                eTaskGetState
                0x08017dd0                uxTaskPriorityGet
                0x08017df8                uxTaskPriorityGetFromISR
                0x08017e30                vTaskPrioritySet
                0x08017f1c                vTaskResume
                0x08017fa4                xTaskResumeFromISR
                0x08018044                vTaskStartScheduler
                0x080180b4                vTaskEndScheduler
                0x080180d4                vTaskSuspendAll
                0x080180e8                xTaskGetTickCount
                0x080180f4                xTaskGetTickCountFromISR
                0x08018108                uxTaskGetNumberOfTasks
                0x08018114                pcTaskGetName
                0x0801813c                xTaskIncrementTick
                0x08018260                xTaskResumeAll
                0x08018354                vTaskDelay
                0x080183a0                vTaskSwitchContext
                0x08018400                vTaskSuspend
                0x080184e8                vTaskPlaceOnEventList
                0x0801851c                vTaskPlaceOnUnorderedEventList
                0x08018574                xTaskRemoveFromEventList
                0x080185f0                vTaskRemoveFromUnorderedEventList
                0x08018670                vTaskSetTimeOutState
                0x080186a8                vTaskInternalSetTimeOutState
                0x080186bc                xTaskCheckForTimeOut
                0x08018748                vTaskMissedYield
                0x08018758                uxTaskGetTaskNumber
                0x08018760                vTaskSetTaskNumber
                0x08018768                vTaskGetInfo
                0x08018850                uxTaskGetSystemState
                0x0801893c                xTaskGetCurrentTaskHandle
                0x08018948                xTaskGetSchedulerState
                0x08018968                xTaskPriorityInherit
                0x08018a1c                xTaskPriorityDisinherit
                0x08018acc                vTaskPriorityDisinheritAfterTimeout
                0x08018b90                uxTaskResetEventItemValue
                0x08018bb0                pvTaskIncrementMutexHeldCount
                0x08018bcc                ulTaskNotifyTake
                0x08018c40                xTaskNotifyWait
                0x08018cdc                xTaskGenericNotify
                0x08018db0                xTaskGenericNotifyFromISR
                0x08018eb8                vTaskNotifyGiveFromISR
                0x08018f84                xTaskNotifyStateClear
 .text          0x08018fb4      0x7f4 ./Obj/cmsis_os.o
                0x08018fb4                osKernelStart
                0x08018fc0                osKernelRunning
                0x08018fd0                osKernelSysTick
                0x08018fe0                osThreadCreate
                0x08019010                osThreadGetId
                0x08019014                osThreadTerminate
                0x08019020                osThreadYield
                0x08019038                osThreadSetPriority
                0x0801904c                osThreadGetPriority
                0x08019070                osDelay
                0x08019080                osTimerCreate
                0x08019084                osTimerStart
                0x08019088                osTimerStop
                0x0801908c                osTimerDelete
                0x08019090                osSignalSet
                0x080190e4                osSignalWait
                0x08019130                osMutexCreate
                0x08019138                osMutexWait
                0x08019190                osMutexRelease
                0x080191e0                osMutexDelete
                0x080191f8                osSemaphoreCreate
                0x08019220                osSemaphoreWait
                0x08019278                osSemaphoreRelease
                0x0801927c                osSemaphoreDelete
                0x08019280                osPoolCreate
                0x080192f4                osPoolAlloc
                0x08019384                osPoolCAlloc
                0x08019394                osPoolFree
                0x080193c0                osMessageCreate
                0x080193cc                osMessagePut
                0x08019428                osMessageGet
                0x080194b0                osMailCreate
                0x08019510                osMailAlloc
                0x0801951c                osMailCAlloc
                0x08019550                osMailPut
                0x080195b0                osMailGet
                0x08019634                osMailFree
                0x08019660                osSystickHandler
                0x08019674                osThreadGetState
                0x08019690                osThreadIsSuspended
                0x080196a0                osThreadSuspend
                0x080196ac                osThreadResume
                0x080196e0                osThreadSuspendAll
                0x080196ec                osThreadResumeAll
                0x080196fc                osDelayUntil
                0x08019700                osAbortDelay
                0x08019704                osThreadList
                0x08019708                osMessagePeek
                0x0801975c                osMessageWaiting
                0x0801976c                osMessageAvailableSpace
                0x08019770                osMessageDelete
                0x08019774                osRecursiveMutexCreate
                0x0801977c                osRecursiveMutexRelease
                0x0801978c                osRecursiveMutexWait
                0x080197a4                osSemaphoreGetCount
 .text          0x080197a8      0x1d8 ./Obj/heap_4.o
                0x08019800                pvPortMalloc
                0x080198fc                vPortFree
                0x08019964                xPortGetFreeHeapSize
                0x08019970                xPortGetMinimumEverFreeHeapSize
                0x0801997c                vPortInitialiseBlocks
 .text          0x08019980      0x384 ./Obj/port.o
                0x080199f4                pxPortInitialiseStack
                0x08019a20                SVC_Handler
                0x08019a44                vPortEndScheduler
                0x08019a68                vPortEnterCritical
                0x08019aac                vPortExitCritical
                0x08019ad4                PendSV_Handler
                0x08019b34                xPortSysTickHandler
                0x08019b60                vPortSetupTimerInterrupt
                0x08019b9c                xPortStartScheduler
                0x08019ca4                vPortValidateInterruptPriority
 .text          0x08019d04      0x134 c:/stm32/stm32f429-discovery/thirdparty/gcc-arm-none-eabi/bin/../lib/gcc/arm-none-eabi/8.3.1/../../../../arm-none-eabi/lib/thumb/v7e-m+fp/hard\libc.a(lib_a-memcpy.o)
                0x08019d04                memcpy
 .text          0x08019e38       0x1c c:/stm32/stm32f429-discovery/thirdparty/gcc-arm-none-eabi/bin/../lib/gcc/arm-none-eabi/8.3.1/../../../../arm-none-eabi/lib/thumb/v7e-m+fp/hard\libc.a(lib_a-setjmp.o)
                0x08019e38                setjmp
                0x08019e44                longjmp
 *fill*         0x08019e54        0xc 
 .text          0x08019e60      0x2dc c:/stm32/stm32f429-discovery/thirdparty/gcc-arm-none-eabi/bin/../lib/gcc/arm-none-eabi/8.3.1/../../../../arm-none-eabi/lib/thumb/v7e-m+fp/hard\libc.a(lib_a-strcmp.o)
                0x08019e68                strcmp
 *fill*         0x0801a13c        0x4 
 .text          0x0801a140       0xdc c:/stm32/stm32f429-discovery/thirdparty/gcc-arm-none-eabi/bin/../lib/gcc/arm-none-eabi/8.3.1/../../../../arm-none-eabi/lib/thumb/v7e-m+fp/hard\libc.a(lib_a-strlen.o)
                0x0801a140                strlen
 .text          0x0801a21c      0x370 ../../../PlatformPackage/RTE\libewrte-m4-gcc.a(ewcolor.o)
                0x0801a21c                EwNewColor
                0x0801a23c                EwMinusColor
                0x0801a294                EwPlusColor
                0x0801a2f4                EwBlendColor
                0x0801a3a0                EwBlendColorInt
                0x0801a404                EwBlendColorUInt
                0x0801a46c                EwSetColorRed
                0x0801a498                EwSetColorGreen
                0x0801a4c4                EwSetColorBlue
                0x0801a4f0                EwSetColorAlpha
                0x0801a51c                EwCompColor
                0x0801a55c                EwGetVariantOfColor
 .text          0x0801a58c      0x824 ../../../PlatformPackage/RTE\libewrte-m4-gcc.a(ewdebug.o)
                0x0801a58c                EwPrint
                0x0801aa6c                EwTrace
                0x0801ad5c                EwThrow
                0x0801ad74                EwError
                0x0801ad80                EwErrorS
                0x0801ad90                EwErrorPD
                0x0801ada0                EwErrorDD
 .text          0x0801adb0      0xad4 ../../../PlatformPackage/RTE\libewrte-m4-gcc.a(ewheap.o)
                0x0801adb0                EwInitHeap
                0x0801add0                EwDoneHeap
                0x0801ade8                EwAddHeapMemoryPool
                0x0801ae60                EwGetHeapInfo
                0x0801af54                EwDumpHeap
                0x0801b0a0                EwVerifyHeap
                0x0801b320                EwAllocHeapBlock
                0x0801b508                EwFreeHeapBlock
                0x0801b864                EwIsHeapPtr
 .text          0x0801b884      0x994 ../../../PlatformPackage/RTE\libewrte-m4-gcc.a(ewobject.o)
                0x0801b884                XObject__Init
                0x0801b890                XObject__ReInit
                0x0801b894                XObject__Done
                0x0801b898                EwSetStackBaseAddress
                0x0801b8a0                EwNewObjectIndirect
                0x0801b948                EwAttachObjectVariant
                0x0801b9f8                EwDetachObjectVariant
                0x0801ba28                EwGetAutoObject
                0x0801bb20                EwCastObject
                0x0801bb5c                EwCastClass
                0x0801bb78                EwClassOf
                0x0801bb80                EwLockObject
                0x0801bbd4                EwUnlockObject
                0x0801bc34                EwReclaimMemory
                0x0801bffc                EwImmediateReclaimMemory
                0x0801c000                EwTestImmediateReclaimMemory
                0x0801c004                EwReconstructObjects
                0x0801c020                EwPrintProfilerStatistic
 .text          0x0801c218       0xfc ../../../PlatformPackage/RTE\libewrte-m4-gcc.a(ewpoint.o)
                0x0801c218                EwNewPoint
                0x0801c220                EwCompPoint
                0x0801c258                EwMovePointNeg
                0x0801c27c                EwMovePointPos
                0x0801c2a0                EwNegPoint
                0x0801c2b8                EwSetPointX
                0x0801c2d8                EwSetPointY
                0x0801c2f8                EwGetVariantOfPoint
 .text          0x0801c314      0x55c ../../../PlatformPackage/RTE\libewrte-m4-gcc.a(ewrect.o)
                0x0801c314                EwNewRect
                0x0801c324                EwNewRect2Point
                0x0801c358                EwCompRect
                0x0801c390                EwIsPointInRect
                0x0801c3c4                EwIsRectEmpty
                0x0801c3ec                EwInflateRect
                0x0801c418                EwIntersectRect
                0x0801c4ac                EwUnionRect
                0x0801c53c                EwIntersectRect2
                0x0801c5cc                EwMoveRectNeg
                0x0801c5f8                EwMoveRectPos
                0x0801c624                EwGetRectH
                0x0801c638                EwGetRectW
                0x0801c64c                EwGetRectArea
                0x0801c66c                EwGetRectSize
                0x0801c68c                EwGetRectORect
                0x0801c6b4                EwGetRectCenter
                0x0801c6e4                EwSetRectSize
                0x0801c710                EwSetRectOrigin
                0x0801c73c                EwSetRectX1
                0x0801c75c                EwSetRectY1
                0x0801c77c                EwSetRectX2
                0x0801c79c                EwSetRectY2
                0x0801c7bc                EwSetRectW
                0x0801c7e0                EwSetRectH
                0x0801c804                EwSetRectPoint1
                0x0801c82c                EwSetRectPoint2
                0x0801c854                EwGetVariantOfRect
 .text          0x0801c870      0x4b8 ../../../PlatformPackage/RTE\libewrte-m4-gcc.a(ewresource.o)
                0x0801c870                EwRegisterResource
                0x0801c8f8                EwDeregisterResource
                0x0801c94c                EwGetLanguage
                0x0801c958                EwSetLanguage
                0x0801c96c                EwGetStyles
                0x0801c978                EwSetStyles
                0x0801c984                EwStylesContains
                0x0801c998                EwGetVariantOf
                0x0801c9fc                EwLoadResource
                0x0801ca5c                EwGetVariantOfLangId
                0x0801ca68                EwGetVariantOfStylesSet
                0x0801ca74                EwDecompress
                0x0801ccf8                EwAdaptByteOrder2
                0x0801ccfc                EwAdaptByteOrder4
                0x0801cd00                EwReleaseDecompressBuffers
 .text          0x0801cd28       0x98 ../../../PlatformPackage/RTE\libewrte-m4-gcc.a(ewscalars.o)
                0x0801cd28                EwSetContains
                0x0801cd3c                EwGetVariantOfInt8
                0x0801cd4c                EwGetVariantOfInt16
                0x0801cd5c                EwGetVariantOfInt32
                0x0801cd68                EwGetVariantOfUInt8
                0x0801cd74                EwGetVariantOfUInt16
                0x0801cd80                EwGetVariantOfUInt32
                0x0801cd8c                EwGetVariantOfBool
                0x0801cd98                EwGetVariantOfFloat
                0x0801cda8                EwGetVariantOfEnum
                0x0801cdb4                EwGetVariantOfSet
 .text          0x0801cdc0      0x818 ../../../PlatformPackage/RTE\libewrte-m4-gcc.a(ewslot.o)
                0x0801cf14                EwMarkSignals
                0x0801cf68                EwDiscardSignals
                0x0801cfac                EwDisposeObservers
                0x0801cfd0                EwDisposeSignals
                0x0801cfe8                EwNewSlot
                0x0801cff0                EwCompSlot
                0x0801d028                EwSignal
                0x0801d040                EwPostSignal
                0x0801d070                EwIdleSignal
                0x0801d098                EwProcessSignals
                0x0801d0ec                EwAnyPendingSignals
                0x0801d104                EwAttachObjObserver
                0x0801d1fc                EwAttachRefObserver
                0x0801d2dc                EwAttachObserver
                0x0801d3b8                EwDetachObjObserver
                0x0801d424                EwDetachRefObserver
                0x0801d4b0                EwDetachObserver
                0x0801d514                EwNotifyObjObservers
                0x0801d554                EwNotifyRefObservers
                0x0801d5a0                EwNotifyObservers
 .text          0x0801d5d8     0x1800 ../../../PlatformPackage/RTE\libewrte-m4-gcc.a(ewstring.o)
                0x0801d968                ToLower
                0x0801da8c                EwDisposeStrings
                0x0801dbe0                EwCanMarkString
                0x0801dc2c                EwFormatUIntToAnsiString
                0x0801dd04                EwFormatIntToAnsiString
                0x0801de0c                EwFormatFloatToAnsiString
                0x0801e040                EwNewString
                0x0801e068                EwNewStringAnsi
                0x0801e0b0                EwNewStringUtf8
                0x0801e1c8                EwNewStringUInt
                0x0801e1f0                EwNewStringInt
                0x0801e218                EwNewStringFloat
                0x0801e258                EwNewStringChar
                0x0801e284                EwCompString
                0x0801e2e0                EwLoadString
                0x0801e2f4                EwShareString
                0x0801e318                EwConcatString
                0x0801e388                EwConcatStringChar
                0x0801e3d0                EwConcatCharString
                0x0801e420                EwGetStringChar
                0x0801e454                EwSetStringChar
                0x0801e4c4                EwGetStringLength
                0x0801e4d8                EwGetStringUpper
                0x0801e524                EwGetStringLower
                0x0801e570                EwStringLeft
                0x0801e5b8                EwStringRight
                0x0801e608                EwStringMiddle
                0x0801e680                EwStringInsert
                0x0801e740                EwStringRemove
                0x0801e7d0                EwStringFindChar
                0x0801e81c                EwStringFind
                0x0801e894                EwStringParseInt32
                0x0801e9d0                EwStringParseUInt32
                0x0801eb0c                EwStringParseFloat
                0x0801ec6c                EwStringToAnsi
                0x0801ecc0                EwGetUtf8StringLength
                0x0801ecf8                EwStringToUtf8
                0x0801ed90                EwGetVariantOfString
                0x0801edb4                EwGetVariantOfChar
                0x0801edc0                EwGetCharUpper
                0x0801edcc                EwGetCharLower
 .text          0x0801edd8      0x274 ../../../PlatformPackage/RTE\libewrte-m4-gcc.a(ewtimer.o)
                0x0801ee00                EwCreateTimer
                0x0801ee88                EwDestroyTimer
                0x0801eef4                EwStartTimer
                0x0801ef60                EwResetTimer
                0x0801ef74                EwProcessTimers
                0x0801f014                EwNextTimerExpiration
 .text          0x0801f04c     0x6d00 ../../../PlatformPackage/RGB565\libewgfx-m4-gcc.a(ewextpxl_RGB565.o)
                0x0801f04c                EwCreateNativeSurface
                0x0801f0b8                EwCreateConstNativeSurface
                0x0801f13c                EwDestroyNativeSurface
                0x0801f17c                EwGetNativeSurfaceMemory
                0x0801f1b4                EwGetNativeSurfaceMemSize
                0x0801f1c0                EwCreateScreenSurface
                0x0801f22c                EwDestroyScreenSurface
                0x0801f250                EwGetScreenSurfaceMemory
                0x0801f27c                EwGetScreenSurfaceMemSize
                0x0801f284                EwCreateConstRGB565Surface
                0x0801f304                EwCreateRGB565Surface
                0x0801f370                EwDestroyRGB565Surface
                0x0801f3ac                EwGetRGB565SurfaceMemory
                0x0801f3e4                EwGetRGB565SurfaceMemSize
                0x0801f3f0                EwPackColor
                0x0801f400                EwPackClutEntry
                0x0801f410                EwSetPixelSolid
                0x0801f448                EwSetPixelSolidBlend
                0x0801f4fc                EwFillRowSolid
                0x0801f53c                EwFillRowSolidBlend
                0x0801f614                EwFillRowGradient
                0x0801f674                EwFillRowGradientBlend
                0x0801f76c                EwCopyNativeRow
                0x0801f78c                EwCopyNativeRowBlend
                0x0801f838                EwCopyNativeRowSolid
                0x0801f86c                EwCopyNativeRowSolidBlend
                0x0801f924                EwCopyNativeRowGradient
                0x0801f95c                EwCopyNativeRowGradientBlend
                0x0801fa18                EwCopyIndex8Row
                0x0801fa3c                EwCopyIndex8RowBlend
                0x0801faf0                EwCopyIndex8RowSolid
                0x0801fb28                EwCopyIndex8RowSolidBlend
                0x0801fbe8                EwCopyIndex8RowGradient
                0x0801fc24                EwCopyIndex8RowGradientBlend
                0x0801fce8                EwCopyAlpha8RowSolid
                0x0801fd50                EwCopyAlpha8RowSolidBlend
                0x0801fe4c                EwCopyAlpha8RowGradient
                0x0801fee0                EwCopyAlpha8RowGradientBlend
                0x08020034                EwCopyRGB565Row
                0x0802007c                EwCopyRGB565RowSolid
                0x080200d8                EwCopyRGB565RowSolidBlend
                0x080201b4                EwCopyRGB565RowGradient
                0x0802020c                EwCopyRGB565RowGradientBlend
                0x080202ec                EwWarpNativeRow
                0x0802033c                EwWarpNativeRowFilter
                0x08020438                EwWarpNativeRowBlend
                0x08020514                EwWarpNativeRowFilterBlend
                0x0802069c                EwWarpNativeRowGradient
                0x08020788                EwWarpNativeRowFilterGradient
                0x0802093c                EwWarpNativeRowGradientBlend
                0x08020aa8                EwWarpNativeRowFilterGradientBlend
                0x08020cd8                EwWarpIndex8Row
                0x08020d2c                EwWarpIndex8RowFilter
                0x08020e38                EwWarpIndex8RowBlend
                0x08020f18                EwWarpIndex8RowFilterBlend
                0x080210a8                EwWarpIndex8RowGradient
                0x0802119c                EwWarpIndex8RowFilterGradient
                0x08021358                EwWarpIndex8RowGradientBlend
                0x080214d0                EwWarpIndex8RowFilterGradientBlend
                0x08021708                EwWarpAlpha8RowGradient
                0x0802191c                EwWarpAlpha8RowFilterGradient
                0x08021bb0                EwWarpAlpha8RowGradientBlend
                0x08021e4c                EwWarpAlpha8RowFilterGradientBlend
                0x08022160                EwWarpRGB565Row
                0x080221e0                EwWarpRGB565RowFilter
                0x080222f8                EwWarpRGB565RowGradient
                0x08022404                EwWarpRGB565RowFilterGradient
                0x080225d0                EwWarpRGB565RowGradientBlend
                0x08022764                EwWarpRGB565RowFilterGradientBlend
                0x08022990                EwScreenSetPixelSolid
                0x08022a00                EwScreenSetPixelSolidBlend
                0x08022a84                EwScreenFillRowSolid
                0x08022b18                EwScreenFillRowSolidBlend
                0x08022bac                EwScreenFillRowGradient
                0x08022c4c                EwScreenFillRowGradientBlend
                0x08022d1c                EwScreenCopyNativeRow
                0x08022d74                EwScreenCopyNativeRowBlend
                0x08022de4                EwScreenCopyNativeRowSolid
                0x08022e44                EwScreenCopyNativeRowSolidBlend
                0x08022ec4                EwScreenCopyNativeRowGradient
                0x08022f2c                EwScreenCopyNativeRowGradientBlend
                0x08022fb4                EwScreenCopyIndex8Row
                0x08023014                EwScreenCopyIndex8RowBlend
                0x08023088                EwScreenCopyIndex8RowSolid
                0x080230f0                EwScreenCopyIndex8RowSolidBlend
                0x08023174                EwScreenCopyIndex8RowGradient
                0x080231e0                EwScreenCopyIndex8RowGradientBlend
                0x0802326c                EwScreenCopyAlpha8RowSolid
                0x08023314                EwScreenCopyAlpha8RowSolidBlend
                0x080233c8                EwScreenCopyAlpha8RowGradient
                0x08023494                EwScreenCopyAlpha8RowGradientBlend
                0x0802357c                EwScreenCopyRGB565Row
                0x08023598                EwScreenCopyRGB565RowSolid
                0x080235e0                EwScreenCopyRGB565RowSolidBlend
                0x0802363c                EwScreenCopyRGB565RowGradient
                0x08023684                EwScreenCopyRGB565RowGradientBlend
                0x080236ec                EwScreenWarpNativeRow
                0x08023778                EwScreenWarpNativeRowFilter
                0x080238b8                EwScreenWarpNativeRowBlend
                0x08023958                EwScreenWarpNativeRowFilterBlend
                0x08023ab4                EwScreenWarpNativeRowGradient
                0x08023bdc                EwScreenWarpNativeRowFilterGradient
                0x08023db8                EwScreenWarpNativeRowGradientBlend
                0x08023eec                EwScreenWarpNativeRowFilterGradientBlend
                0x080240dc                EwScreenWarpIndex8Row
                0x08024168                EwScreenWarpIndex8RowFilter
                0x080242b4                EwScreenWarpIndex8RowBlend
                0x0802435c                EwScreenWarpIndex8RowFilterBlend
                0x080244b4                EwScreenWarpIndex8RowGradient
                0x080245dc                EwScreenWarpIndex8RowFilterGradient
                0x080247c0                EwScreenWarpIndex8RowGradientBlend
                0x080248fc                EwScreenWarpIndex8RowFilterGradientBlend
                0x08024af8                EwScreenWarpAlpha8RowGradient
                0x08024d38                EwScreenWarpAlpha8RowFilterGradient
                0x08025008                EwScreenWarpAlpha8RowGradientBlend
                0x080252b0                EwScreenWarpAlpha8RowFilterGradientBlend
                0x080255c4                EwScreenWarpRGB565Row
                0x08025610                EwScreenWarpRGB565RowFilter
                0x08025700                EwScreenWarpRGB565RowGradient
                0x08025818                EwScreenWarpRGB565RowFilterGradient
                0x080259d8                EwScreenWarpRGB565RowGradientBlend
                0x08025afc                EwScreenWarpRGB565RowFilterGradientBlend
                0x08025ccc                EwWarpNativeRowSolid
                0x08025cd0                EwWarpNativeRowSolidBlend
                0x08025cd4                EwWarpNativeRowFilterSolid
                0x08025cd8                EwWarpNativeRowFilterSolidBlend
                0x08025cdc                EwWarpIndex8RowSolid
                0x08025ce0                EwWarpIndex8RowSolidBlend
                0x08025ce4                EwWarpIndex8RowFilterSolid
                0x08025ce8                EwWarpIndex8RowFilterSolidBlend
                0x08025cec                EwWarpAlpha8RowSolid
                0x08025cf0                EwWarpAlpha8RowSolidBlend
                0x08025cf4                EwWarpAlpha8RowFilterSolid
                0x08025cf8                EwWarpAlpha8RowFilterSolidBlend
                0x08025cfc                EwWarpRGB565RowSolid
                0x08025d00                EwWarpRGB565RowSolidBlend
                0x08025d04                EwWarpRGB565RowFilterSolid
                0x08025d08                EwWarpRGB565RowFilterSolidBlend
                0x08025d0c                EwScreenWarpNativeRowSolid
                0x08025d10                EwScreenWarpNativeRowSolidBlend
                0x08025d14                EwScreenWarpNativeRowFilterSolid
                0x08025d18                EwScreenWarpNativeRowFilterSolidBlend
                0x08025d1c                EwScreenWarpIndex8RowSolid
                0x08025d20                EwScreenWarpIndex8RowSolidBlend
                0x08025d24                EwScreenWarpIndex8RowFilterSolid
                0x08025d28                EwScreenWarpIndex8RowFilterSolidBlend
                0x08025d2c                EwScreenWarpAlpha8RowSolid
                0x08025d30                EwScreenWarpAlpha8RowSolidBlend
                0x08025d34                EwScreenWarpAlpha8RowFilterSolid
                0x08025d38                EwScreenWarpAlpha8RowFilterSolidBlend
                0x08025d3c                EwScreenWarpRGB565RowSolid
                0x08025d40                EwScreenWarpRGB565RowSolidBlend
                0x08025d44                EwScreenWarpRGB565RowFilterSolid
                0x08025d48                EwScreenWarpRGB565RowFilterSolidBlend
 .text          0x08025d4c     0x950c ../../../PlatformPackage/RGB565\libewgfx-m4-gcc.a(ewgfx.o)
                0x080275f0                EwEnableGfxTaskTracing
                0x08027600                EwFreeBitmap
                0x08027664                EwDoneGraphicsEngine
                0x080276a0                EwCreateBitmap
                0x0802772c                EwLoadBitmap
                0x080278e4                EwLockBitmap
                0x08027a3c                EwUnlockBitmap
                0x08027a6c                EwInitGraphicsEngine
                0x08027c8c                EwModifyBitmapPalette
                0x08027d90                EwFlushBitmap
                0x08027db8                EwLoadFont
                0x08027e84                EwFreeFont
                0x08027eac                EwInitViewport
                0x08027ffc                EwBeginUpdate
                0x080280a0                EwBeginUpdateArea
                0x080281b8                EwFillRectangle
                0x08028408                EwDrawBorder
                0x08028600                EwCreatePath
                0x08028688                EwGetSVGParserStatus
                0x08028694                EwGetSVGParserErrorPos
                0x080286a0                EwFreePath
                0x08028724                EwGetMaxNoOfSubPaths
                0x0802872c                EwInitSubPath
                0x08028830                EwBeginSubPath
                0x080288d0                EwAddSubPathLine
                0x080289a8                EwAddSubPathBezier2
                0x08028b34                EwAddSubPathBezier3
                0x08028d08                EwAddSubPathArc
                0x08028efc                EwAddSubPathCopy
                0x0802913c                EwCloseSubPath
                0x080291e8                EwShiftSubPathNodes
                0x080292b0                EwSetSubPathNode
                0x0802938c                EwGetSubPathNodeX