ewextgfx.c:107:13:TrackMemoryUsage	4	static
ewextgfx.c:133:5:GfxInitGfx	16	static
ewextgfx.c:191:15:GfxInitViewport	32	static
ewextgfx.c:334:6:GfxDoneViewport	24	static
ewextgfx.c:383:15:GfxBeginUpdate	24	static
ewextgfx.c:434:15:GfxBeginUpdateArea	24	static
ewextgfx.c:517:6:GfxEndUpdate	40	static
ewextgfx.c:572:15:GfxCreateSurface	40	static
ewextgfx.c:641:15:GfxCreateConstSurface	32	static
ewextgfx.c:703:6:GfxDestroySurface	24	static
ewextgfx.c:775:15:GfxLockSurface	32	static
ewextgfx.c:846:6:GfxUnlockSurface	24	static
ewextgfx.c:866:13:GfxFlushGraphics	8	static
ewextgfx.c:878:13:GfxSelectSurfaces	16	static
ewextgfx.c:911:6:GfxFillDriver	208	static
ewextgfx.c:1011:6:GfxCopyDriver	272	static
ewextgfx.c:1157:6:GfxBlendDriver	272	static
ewextgfx.c:1285:6:GfxUseGraphicsAccelerator	16	static
ewextgfx.c:1325:5:GfxIsGraphicsAcceleratorUsed	4	static
